0 verbose cli C:\Program Files\nodejs\node.exe C:\Program Files\nodejs\node_modules\npm\bin\npm-cli.js
1 info using npm@11.6.2
2 info using node@v24.11.1
3 silly config load:file:C:\Program Files\nodejs\node_modules\npm\npmrc
4 silly config load:file:C:\Vanshdeep\OJT sem 3\RESUMETRICS\.npmrc
5 silly config load:file:C:\Users\vansh\.npmrc
6 silly config load:file:C:\Users\vansh\AppData\Roaming\npm\etc\npmrc
7 verbose title npm install
8 verbose argv "install"
9 verbose logfile logs-max:10 dir:C:\Vanshdeep\OJT sem 3\RESUMETRICS\.npm-cache\_logs\2026-08-31T18_08_04_751Z-
10 verbose logfile C:\Vanshdeep\OJT sem 3\RESUMETRICS\.npm-cache\_logs\2026-08-31T18_08_04_751Z-debug-0.log
11 silly logfile done cleaning log files
12 silly packumentCache heap:4496293888 maxSize:1124073472 maxEntrySize:562036736
13 silly idealTree buildDeps
14 silly fetch manifest @vitejs/plugin-react@latest
15 silly packumentCache full:https://registry.npmjs.org/@vitejs%2fplugin-react cache-miss
16 http fetch GET 200 https://registry.npmjs.org/@vitejs%2fplugin-react 415ms (cache miss)
17 silly packumentCache full:https://registry.npmjs.org/@vitejs%2fplugin-react set size:undefined disposed:false
18 silly fetch manifest @rolldown/plugin-babel@^0.1.7 || ^0.2.0
19 silly packumentCache full:https://registry.npmjs.org/@rolldown%2fplugin-babel cache-miss
20 http fetch GET 200 https://registry.npmjs.org/@rolldown%2fplugin-babel 209ms (cache miss)
21 silly packumentCache full:https://registry.npmjs.org/@rolldown%2fplugin-babel set size:undefined disposed:false
22 silly fetch manifest @babel/core@^7.29.0 || ^8.0.0-rc.1
23 silly packumentCache full:https://registry.npmjs.org/@babel%2fcore cache-miss
24 http fetch GET 200 https://registry.npmjs.org/@babel%2fcore 583ms (cache miss)
25 silly packumentCache full:https://registry.npmjs.org/@babel%2fcore set size:undefined disposed:false
26 silly fetch manifest @babel/plugin-transform-runtime@^7.29.0 || ^8.0.0-rc.1
27 silly packumentCache full:https://registry.npmjs.org/@babel%2fplugin-transform-runtime cache-miss
28 http fetch GET 200 https://registry.npmjs.org/@babel%2fplugin-transform-runtime 568ms (cache miss)
29 silly packumentCache full:https://registry.npmjs.org/@babel%2fplugin-transform-runtime set size:undefined disposed:false
30 silly fetch manifest @babel/runtime@^7.27.0 || ^8.0.0-rc.1
31 silly packumentCache full:https://registry.npmjs.org/@babel%2fruntime cache-miss
32 http fetch GET 200 https://registry.npmjs.org/@babel%2fruntime 744ms (cache miss)
33 silly packumentCache full:https://registry.npmjs.org/@babel%2fruntime set size:undefined disposed:false
34 silly fetch manifest rolldown@^1.0.0-rc.5
35 silly packumentCache full:https://registry.npmjs.org/rolldown cache-miss
36 http fetch GET 200 https://registry.npmjs.org/rolldown 310ms (cache miss)
37 silly packumentCache full:https://registry.npmjs.org/rolldown set size:undefined disposed:false
38 silly fetch manifest vite@latest
39 silly packumentCache full:https://registry.npmjs.org/vite cache-miss
40 http fetch GET 200 https://registry.npmjs.org/vite 4489ms (cache miss)
41 silly packumentCache full:https://registry.npmjs.org/vite set size:undefined disposed:false
42 silly fetch manifest @types/node@^20.19.0 || >=22.12.0
43 silly packumentCache full:https://registry.npmjs.org/@types%2fnode cache-miss
44 http fetch GET 200 https://registry.npmjs.org/@types%2fnode 946ms (cache miss)
45 silly packumentCache full:https://registry.npmjs.org/@types%2fnode set size:undefined disposed:false
46 silly fetch manifest @vitejs/devtools@^0.4.0 || ^0.5.0
47 silly packumentCache full:https://registry.npmjs.org/@vitejs%2fdevtools cache-miss
48 http fetch GET 200 https://registry.npmjs.org/@vitejs%2fdevtools 213ms (cache miss)
49 silly packumentCache full:https://registry.npmjs.org/@vitejs%2fdevtools set size:undefined disposed:false
50 silly fetch manifest @vitejs/devtools-oxc@^0.5.2
51 silly packumentCache full:https://registry.npmjs.org/@vitejs%2fdevtools-oxc cache-miss
52 http fetch GET 200 https://registry.npmjs.org/@vitejs%2fdevtools-oxc 198ms (cache miss)
53 silly packumentCache full:https://registry.npmjs.org/@vitejs%2fdevtools-oxc set size:undefined disposed:false
54 silly fetch manifest @vitejs/devtools-rolldown@^0.5.2
55 silly packumentCache full:https://registry.npmjs.org/@vitejs%2fdevtools-rolldown cache-miss
56 http fetch GET 200 https://registry.npmjs.org/@vitejs%2fdevtools-rolldown 284ms (cache miss)
57 silly packumentCache full:https://registry.npmjs.org/@vitejs%2fdevtools-rolldown set size:undefined disposed:false
58 silly fetch manifest @vitejs/devtools-vite@^0.5.2
59 silly packumentCache full:https://registry.npmjs.org/@vitejs%2fdevtools-vite cache-miss
60 http fetch GET 200 https://registry.npmjs.org/@vitejs%2fdevtools-vite 293ms (cache miss)
61 silly packumentCache full:https://registry.npmjs.org/@vitejs%2fdevtools-vite set size:undefined disposed:false
62 silly fetch manifest @vitejs/devtools-vitest@^0.5.2
63 silly packumentCache full:https://registry.npmjs.org/@vitejs%2fdevtools-vitest cache-miss
64 http fetch GET 200 https://registry.npmjs.org/@vitejs%2fdevtools-vitest 59ms (cache miss)
65 silly packumentCache full:https://registry.npmjs.org/@vitejs%2fdevtools-vitest set size:undefined disposed:false
66 silly fetch manifest vitest@*
67 silly packumentCache full:https://registry.npmjs.org/vitest cache-miss
68 http fetch GET 200 https://registry.npmjs.org/vitest 262ms (cache miss)
69 silly packumentCache full:https://registry.npmjs.org/vitest set size:undefined disposed:false
70 silly fetch manifest @edge-runtime/vm@*
71 silly packumentCache full:https://registry.npmjs.org/@edge-runtime%2fvm cache-miss
72 http fetch GET 200 https://registry.npmjs.org/@edge-runtime%2fvm 319ms (cache miss)
73 silly packumentCache full:https://registry.npmjs.org/@edge-runtime%2fvm set size:undefined disposed:false
74 silly fetch manifest @opentelemetry/api@^1.9.0
75 silly packumentCache full:https://registry.npmjs.org/@opentelemetry%2fapi cache-miss
76 http fetch GET 200 https://registry.npmjs.org/@opentelemetry%2fapi 144ms (cache miss)
77 silly packumentCache full:https://registry.npmjs.org/@opentelemetry%2fapi set size:undefined disposed:false
78 silly fetch manifest @vitest/browser-playwright@4.1.11
79 silly packumentCache full:https://registry.npmjs.org/@vitest%2fbrowser-playwright cache-miss
80 http fetch GET 200 https://registry.npmjs.org/@vitest%2fbrowser-playwright 72ms (cache miss)
81 silly packumentCache full:https://registry.npmjs.org/@vitest%2fbrowser-playwright set size:undefined disposed:false
82 silly fetch manifest playwright@*
83 silly packumentCache full:https://registry.npmjs.org/playwright cache-miss
84 http fetch GET 200 https://registry.npmjs.org/playwright 8584ms (cache miss)
85 silly packumentCache full:https://registry.npmjs.org/playwright set size:undefined disposed:false
86 silly fetch manifest @vitest/browser-preview@4.1.11
87 silly packumentCache full:https://registry.npmjs.org/@vitest%2fbrowser-preview cache-miss
88 http fetch GET 200 https://registry.npmjs.org/@vitest%2fbrowser-preview 199ms (cache miss)
89 silly packumentCache full:https://registry.npmjs.org/@vitest%2fbrowser-preview set size:undefined disposed:false
90 silly fetch manifest @vitest/browser-webdriverio@4.1.11
91 silly packumentCache full:https://registry.npmjs.org/@vitest%2fbrowser-webdriverio cache-miss
92 http fetch GET 200 https://registry.npmjs.org/@vitest%2fbrowser-webdriverio 249ms (cache miss)
93 silly packumentCache full:https://registry.npmjs.org/@vitest%2fbrowser-webdriverio set size:undefined disposed:false
94 silly fetch manifest webdriverio@*
95 silly packumentCache full:https://registry.npmjs.org/webdriverio cache-miss
96 http fetch GET 200 https://registry.npmjs.org/webdriverio 1136ms (cache miss)
97 silly packumentCache full:https://registry.npmjs.org/webdriverio set size:undefined disposed:false
98 silly fetch manifest puppeteer-core@>=22.x <=24.x
99 silly packumentCache full:https://registry.npmjs.org/puppeteer-core cache-miss
100 http fetch GET 200 https://registry.npmjs.org/puppeteer-core 520ms (cache miss)
101 silly packumentCache full:https://registry.npmjs.org/puppeteer-core set size:undefined disposed:false
102 silly fetch manifest @vitest/coverage-istanbul@4.1.11
103 silly packumentCache full:https://registry.npmjs.org/@vitest%2fcoverage-istanbul cache-miss
104 http fetch GET 200 https://registry.npmjs.org/@vitest%2fcoverage-istanbul 398ms (cache miss)
105 silly packumentCache full:https://registry.npmjs.org/@vitest%2fcoverage-istanbul set size:undefined disposed:false
106 silly fetch manifest @vitest/coverage-v8@4.1.11
107 silly packumentCache full:https://registry.npmjs.org/@vitest%2fcoverage-v8 cache-miss
108 http fetch GET 200 https://registry.npmjs.org/@vitest%2fcoverage-v8 372ms (cache miss)
109 silly packumentCache full:https://registry.npmjs.org/@vitest%2fcoverage-v8 set size:undefined disposed:false
110 silly fetch manifest @vitest/browser@4.1.11
111 silly packumentCache full:https://registry.npmjs.org/@vitest%2fbrowser cache-miss
112 http fetch GET 200 https://registry.npmjs.org/@vitest%2fbrowser 611ms (cache miss)
113 silly packumentCache full:https://registry.npmjs.org/@vitest%2fbrowser set size:undefined disposed:false
114 silly fetch manifest @vitest/ui@4.1.11
115 silly packumentCache full:https://registry.npmjs.org/@vitest%2fui cache-miss
116 http fetch GET 200 https://registry.npmjs.org/@vitest%2fui 3043ms (cache miss)
117 silly packumentCache full:https://registry.npmjs.org/@vitest%2fui set size:undefined disposed:false
118 silly fetch manifest happy-dom@*
119 silly packumentCache full:https://registry.npmjs.org/happy-dom cache-miss
120 http fetch GET 200 https://registry.npmjs.org/happy-dom 3626ms (cache miss)
121 silly packumentCache full:https://registry.npmjs.org/happy-dom set size:undefined disposed:false
122 silly fetch manifest jsdom@*
123 silly packumentCache full:https://registry.npmjs.org/jsdom cache-miss
124 http fetch GET 200 https://registry.npmjs.org/jsdom 1941ms (cache miss)
125 silly packumentCache full:https://registry.npmjs.org/jsdom set size:undefined disposed:false
126 silly fetch manifest canvas@^3.0.0
127 silly packumentCache full:https://registry.npmjs.org/canvas cache-miss
128 http fetch GET 200 https://registry.npmjs.org/canvas 1082ms (cache miss)
129 silly packumentCache full:https://registry.npmjs.org/canvas set size:undefined disposed:false
130 silly fetch manifest esbuild@^0.27.0 || ^0.28.0
131 silly packumentCache full:https://registry.npmjs.org/esbuild cache-miss
132 http fetch GET 200 https://registry.npmjs.org/esbuild 3028ms (cache miss)
133 silly packumentCache full:https://registry.npmjs.org/esbuild set size:undefined disposed:false
134 silly fetch manifest jiti@>=1.21.0
135 silly packumentCache full:https://registry.npmjs.org/jiti cache-miss
136 http fetch GET 200 https://registry.npmjs.org/jiti 519ms (cache miss)
137 silly packumentCache full:https://registry.npmjs.org/jiti set size:undefined disposed:false
138 silly fetch manifest less@^4.0.0
139 silly packumentCache full:https://registry.npmjs.org/less cache-miss
140 http fetch GET 200 https://registry.npmjs.org/less 337ms (cache miss)
141 silly packumentCache full:https://registry.npmjs.org/less set size:undefined disposed:false
142 silly fetch manifest sass@^1.70.0
143 silly packumentCache full:https://registry.npmjs.org/sass cache-miss
144 http fetch GET 200 https://registry.npmjs.org/sass 811ms (cache miss)
145 silly packumentCache full:https://registry.npmjs.org/sass set size:undefined disposed:false
146 silly fetch manifest sass-embedded@^1.70.0
147 silly packumentCache full:https://registry.npmjs.org/sass-embedded cache-miss
148 http fetch GET 200 https://registry.npmjs.org/sass-embedded 332ms (cache miss)
149 silly packumentCache full:https://registry.npmjs.org/sass-embedded set size:undefined disposed:false
150 silly fetch manifest stylus@>=0.54.8
151 silly packumentCache full:https://registry.npmjs.org/stylus cache-miss
152 http fetch GET 200 https://registry.npmjs.org/stylus 165ms (cache miss)
153 silly packumentCache full:https://registry.npmjs.org/stylus set size:undefined disposed:false
154 silly fetch manifest sugarss@^5.0.0
155 silly packumentCache full:https://registry.npmjs.org/sugarss cache-miss
156 http fetch GET 200 https://registry.npmjs.org/sugarss 176ms (cache miss)
157 silly packumentCache full:https://registry.npmjs.org/sugarss set size:undefined disposed:false
158 silly fetch manifest postcss@^8.3.3
159 silly packumentCache full:https://registry.npmjs.org/postcss cache-miss
160 http fetch GET 200 https://registry.npmjs.org/postcss 486ms (cache miss)
161 silly packumentCache full:https://registry.npmjs.org/postcss set size:undefined disposed:false
162 silly fetch manifest terser@^5.16.0
163 silly packumentCache full:https://registry.npmjs.org/terser cache-miss
164 http fetch GET 200 https://registry.npmjs.org/terser 562ms (cache miss)
165 silly packumentCache full:https://registry.npmjs.org/terser set size:undefined disposed:false
166 silly fetch manifest tsx@^4.8.1
167 silly packumentCache full:https://registry.npmjs.org/tsx cache-miss
168 http fetch GET 200 https://registry.npmjs.org/tsx 398ms (cache miss)
169 silly packumentCache full:https://registry.npmjs.org/tsx set size:undefined disposed:false
170 silly fetch manifest yaml@^2.4.2
171 silly packumentCache full:https://registry.npmjs.org/yaml cache-miss
172 http fetch GET 200 https://registry.npmjs.org/yaml 430ms (cache miss)
173 silly packumentCache full:https://registry.npmjs.org/yaml set size:undefined disposed:false
174 silly fetch manifest babel-plugin-react-compiler@^1.0.0
175 silly packumentCache full:https://registry.npmjs.org/babel-plugin-react-compiler cache-miss
176 http fetch GET 200 https://registry.npmjs.org/babel-plugin-react-compiler 415ms (cache miss)
177 silly packumentCache full:https://registry.npmjs.org/babel-plugin-react-compiler set size:undefined disposed:false
178 silly fetch manifest oxc-transform-react@^0.145.0
179 silly packumentCache full:https://registry.npmjs.org/oxc-transform-react cache-miss
180 http fetch GET 200 https://registry.npmjs.org/oxc-transform-react 108ms (cache miss)
181 silly packumentCache full:https://registry.npmjs.org/oxc-transform-react set size:undefined disposed:false
182 silly fetch manifest react@latest
183 silly packumentCache full:https://registry.npmjs.org/react cache-miss
184 http fetch GET 200 https://registry.npmjs.org/react 10341ms (cache miss)
185 silly packumentCache full:https://registry.npmjs.org/react set size:undefined disposed:false
186 silly fetch manifest react-dom@latest
187 silly packumentCache full:https://registry.npmjs.org/react-dom cache-miss
188 http fetch GET 200 https://registry.npmjs.org/react-dom 3197ms (cache miss)
189 silly packumentCache full:https://registry.npmjs.org/react-dom set size:undefined disposed:false
190 silly fetch manifest react-router-dom@latest
191 silly packumentCache full:https://registry.npmjs.org/react-router-dom cache-miss
192 http fetch GET 200 https://registry.npmjs.org/react-router-dom 673ms (cache miss)
193 silly packumentCache full:https://registry.npmjs.org/react-router-dom set size:undefined disposed:false
194 silly fetch manifest tailwindcss@latest
195 silly packumentCache full:https://registry.npmjs.org/tailwindcss cache-miss
196 http fetch GET 200 https://registry.npmjs.org/tailwindcss 1769ms (cache miss)
197 silly packumentCache full:https://registry.npmjs.org/tailwindcss set size:undefined disposed:false
198 silly fetch manifest @tailwindcss/vite@latest
199 silly packumentCache full:https://registry.npmjs.org/@tailwindcss%2fvite cache-miss
200 http fetch GET 200 https://registry.npmjs.org/@tailwindcss%2fvite 540ms (cache miss)
201 silly packumentCache full:https://registry.npmjs.org/@tailwindcss%2fvite set size:undefined disposed:false
202 silly placeDep ROOT @tailwindcss/vite@4.3.3 OK for: resumetrics@0.0.0 want: latest
203 silly placeDep ROOT vite@8.2.2 OK for: @tailwindcss/vite@4.3.3 want: ^5.2.0 || ^6 || ^7 || ^8
204 silly placeDep ROOT @vitejs/plugin-react@6.1.1 OK for: resumetrics@0.0.0 want: latest
205 silly placeDep ROOT react@19.2.8 OK for: resumetrics@0.0.0 want: latest
206 silly placeDep ROOT react-dom@19.2.8 OK for: resumetrics@0.0.0 want: latest
207 silly placeDep ROOT react-router-dom@7.18.3 OK for: resumetrics@0.0.0 want: latest
208 silly placeDep ROOT tailwindcss@4.3.3 OK for: resumetrics@0.0.0 want: latest
209 silly fetch manifest tailwindcss@4.3.3
210 silly packumentCache full:https://registry.npmjs.org/tailwindcss cache-miss
211 silly fetch manifest @tailwindcss/node@4.3.3
212 silly packumentCache full:https://registry.npmjs.org/@tailwindcss%2fnode cache-miss
213 silly fetch manifest @tailwindcss/oxide@4.3.3
214 silly packumentCache full:https://registry.npmjs.org/@tailwindcss%2foxide cache-miss
215 silly fetch manifest postcss@^8.5.26
216 silly packumentCache full:https://registry.npmjs.org/postcss cache-miss
217 silly fetch manifest rolldown@~1.2.4
218 silly packumentCache full:https://registry.npmjs.org/rolldown cache-miss
219 silly fetch manifest picomatch@^4.0.5
220 silly packumentCache full:https://registry.npmjs.org/picomatch cache-miss
221 silly fetch manifest tinyglobby@^0.2.17
222 silly packumentCache full:https://registry.npmjs.org/tinyglobby cache-miss
223 silly fetch manifest lightningcss@^1.33.0
224 silly packumentCache full:https://registry.npmjs.org/lightningcss cache-miss
225 silly fetch manifest fsevents@~2.3.3
226 silly packumentCache full:https://registry.npmjs.org/fsevents cache-miss
227 silly fetch manifest @rolldown/pluginutils@^1.0.1
228 silly packumentCache full:https://registry.npmjs.org/@rolldown%2fpluginutils cache-miss
229 silly fetch manifest scheduler@^0.27.0
230 silly packumentCache full:https://registry.npmjs.org/scheduler cache-miss
231 silly fetch manifest react-router@7.18.3
232 silly packumentCache full:https://registry.npmjs.org/react-router cache-miss
233 http cache https://registry.npmjs.org/postcss 29ms (cache hit)
234 silly packumentCache full:https://registry.npmjs.org/postcss set size:760024 disposed:false
235 http cache https://registry.npmjs.org/rolldown 43ms (cache hit)
236 silly packumentCache full:https://registry.npmjs.org/rolldown set size:3801673 disposed:false
237 http cache https://registry.npmjs.org/tailwindcss 72ms (cache hit)
238 silly packumentCache full:https://registry.npmjs.org/tailwindcss set size:10875803 disposed:false
239 http fetch GET 200 https://registry.npmjs.org/tinyglobby 578ms (cache miss)
240 silly packumentCache full:https://registry.npmjs.org/tinyglobby set size:undefined disposed:false
241 http fetch GET 200 https://registry.npmjs.org/lightningcss 587ms (cache miss)
242 silly packumentCache full:https://registry.npmjs.org/lightningcss set size:undefined disposed:false
243 http fetch GET 200 https://registry.npmjs.org/picomatch 596ms (cache miss)
244 silly packumentCache full:https://registry.npmjs.org/picomatch set size:undefined disposed:false
245 http fetch GET 200 https://registry.npmjs.org/fsevents 598ms (cache miss)
246 silly packumentCache full:https://registry.npmjs.org/fsevents set size:undefined disposed:false
247 http fetch GET 200 https://registry.npmjs.org/@rolldown%2fpluginutils 605ms (cache miss)
248 silly packumentCache full:https://registry.npmjs.org/@rolldown%2fpluginutils set size:undefined disposed:false
249 http fetch GET 200 https://registry.npmjs.org/@tailwindcss%2foxide 887ms (cache miss)
250 silly packumentCache full:https://registry.npmjs.org/@tailwindcss%2foxide set size:undefined disposed:false
251 http fetch GET 200 https://registry.npmjs.org/@tailwindcss%2fnode 1206ms (cache miss)
252 silly packumentCache full:https://registry.npmjs.org/@tailwindcss%2fnode set size:undefined disposed:false
253 http fetch GET 200 https://registry.npmjs.org/react-router 1967ms (cache miss)
254 silly packumentCache full:https://registry.npmjs.org/react-router set size:undefined disposed:false
255 http fetch GET 200 https://registry.npmjs.org/scheduler 2992ms (cache miss)
256 silly packumentCache full:https://registry.npmjs.org/scheduler set size:undefined disposed:false
257 silly placeDep ROOT @tailwindcss/node@4.3.3 OK for: @tailwindcss/vite@4.3.3 want: 4.3.3
258 silly placeDep ROOT @tailwindcss/oxide@4.3.3 OK for: @tailwindcss/vite@4.3.3 want: 4.3.3
259 silly fetch manifest jiti@^2.7.0
260 silly packumentCache full:https://registry.npmjs.org/jiti cache-miss
261 silly fetch manifest lightningcss@1.32.0
262 silly packumentCache full:https://registry.npmjs.org/lightningcss cache-miss
263 silly fetch manifest magic-string@^0.30.21
264 silly packumentCache full:https://registry.npmjs.org/magic-string cache-miss
265 silly fetch manifest source-map-js@^1.2.1
266 silly packumentCache full:https://registry.npmjs.org/source-map-js cache-miss
267 silly fetch manifest enhanced-resolve@^5.24.1
268 silly packumentCache full:https://registry.npmjs.org/enhanced-resolve cache-miss
269 silly fetch manifest @jridgewell/remapping@^2.3.5
270 silly packumentCache full:https://registry.npmjs.org/@jridgewell%2fremapping cache-miss
271 silly fetch manifest @tailwindcss/oxide-darwin-x64@4.3.3
272 silly packumentCache full:https://registry.npmjs.org/@tailwindcss%2foxide-darwin-x64 cache-miss
273 silly fetch manifest @tailwindcss/oxide-freebsd-x64@4.3.3
274 silly packumentCache full:https://registry.npmjs.org/@tailwindcss%2foxide-freebsd-x64 cache-miss
275 silly fetch manifest @tailwindcss/oxide-wasm32-wasi@4.3.3
276 silly packumentCache full:https://registry.npmjs.org/@tailwindcss%2foxide-wasm32-wasi cache-miss
277 silly fetch manifest @tailwindcss/oxide-darwin-arm64@4.3.3
278 silly packumentCache full:https://registry.npmjs.org/@tailwindcss%2foxide-darwin-arm64 cache-miss
279 silly fetch manifest @tailwindcss/oxide-android-arm64@4.3.3
280 silly packumentCache full:https://registry.npmjs.org/@tailwindcss%2foxide-android-arm64 cache-miss
281 silly fetch manifest @tailwindcss/oxide-linux-x64-gnu@4.3.3
282 silly packumentCache full:https://registry.npmjs.org/@tailwindcss%2foxide-linux-x64-gnu cache-miss
283 silly fetch manifest @tailwindcss/oxide-linux-x64-musl@4.3.3
284 silly packumentCache full:https://registry.npmjs.org/@tailwindcss%2foxide-linux-x64-musl cache-miss
285 silly fetch manifest @tailwindcss/oxide-win32-x64-msvc@4.3.3
286 silly packumentCache full:https://registry.npmjs.org/@tailwindcss%2foxide-win32-x64-msvc cache-miss
287 silly fetch manifest @tailwindcss/oxide-linux-arm64-gnu@4.3.3
288 silly packumentCache full:https://registry.npmjs.org/@tailwindcss%2foxide-linux-arm64-gnu cache-miss
289 http cache https://registry.npmjs.org/lightningcss 36ms (cache hit)
290 silly packumentCache full:https://registry.npmjs.org/lightningcss set size:191065 disposed:false
291 silly fetch manifest @tailwindcss/oxide-linux-arm64-musl@4.3.3
292 silly packumentCache full:https://registry.npmjs.org/@tailwindcss%2foxide-linux-arm64-musl cache-miss
293 http cache https://registry.npmjs.org/jiti 40ms (cache hit)
294 silly packumentCache full:https://registry.npmjs.org/jiti set size:387989 disposed:false
295 silly fetch manifest @tailwindcss/oxide-win32-arm64-msvc@4.3.3
296 silly packumentCache full:https://registry.npmjs.org/@tailwindcss%2foxide-win32-arm64-msvc cache-miss
297 http fetch GET 200 https://registry.npmjs.org/source-map-js 65ms (cache miss)
298 silly packumentCache full:https://registry.npmjs.org/source-map-js set size:undefined disposed:false
299 silly fetch manifest @tailwindcss/oxide-linux-arm-gnueabihf@4.3.3
300 silly packumentCache full:https://registry.npmjs.org/@tailwindcss%2foxide-linux-arm-gnueabihf cache-miss
301 http fetch GET 200 https://registry.npmjs.org/enhanced-resolve 99ms (cache miss)
302 silly packumentCache full:https://registry.npmjs.org/enhanced-resolve set size:undefined disposed:false
303 http fetch GET 200 https://registry.npmjs.org/@jridgewell%2fremapping 102ms (cache miss)
304 silly packumentCache full:https://registry.npmjs.org/@jridgewell%2fremapping set size:undefined disposed:false
305 http fetch GET 200 https://registry.npmjs.org/magic-string 323ms (cache miss)
306 silly packumentCache full:https://registry.npmjs.org/magic-string set size:undefined disposed:false
307 http fetch GET 200 https://registry.npmjs.org/@tailwindcss%2foxide-wasm32-wasi 523ms (cache miss)
308 silly packumentCache full:https://registry.npmjs.org/@tailwindcss%2foxide-wasm32-wasi set size:undefined disposed:false
309 http fetch GET 200 https://registry.npmjs.org/@tailwindcss%2foxide-android-arm64 1102ms (cache miss)
310 silly packumentCache full:https://registry.npmjs.org/@tailwindcss%2foxide-android-arm64 set size:undefined disposed:false
311 http fetch GET 200 https://registry.npmjs.org/@tailwindcss%2foxide-linux-arm-gnueabihf 1164ms (cache miss)
312 silly packumentCache full:https://registry.npmjs.org/@tailwindcss%2foxide-linux-arm-gnueabihf set size:undefined disposed:false
313 http fetch GET 200 https://registry.npmjs.org/@tailwindcss%2foxide-linux-x64-gnu 1333ms (cache miss)
314 silly packumentCache full:https://registry.npmjs.org/@tailwindcss%2foxide-linux-x64-gnu set size:undefined disposed:false
315 http fetch GET 200 https://registry.npmjs.org/@tailwindcss%2foxide-freebsd-x64 1475ms (cache miss)
316 silly packumentCache full:https://registry.npmjs.org/@tailwindcss%2foxide-freebsd-x64 set size:undefined disposed:false
317 http fetch GET 200 https://registry.npmjs.org/@tailwindcss%2foxide-darwin-x64 1517ms (cache miss)
318 silly packumentCache full:https://registry.npmjs.org/@tailwindcss%2foxide-darwin-x64 set size:undefined disposed:false
319 http fetch GET 200 https://registry.npmjs.org/@tailwindcss%2foxide-linux-arm64-musl 1842ms (cache miss)
320 silly packumentCache full:https://registry.npmjs.org/@tailwindcss%2foxide-linux-arm64-musl set size:undefined disposed:false
321 http fetch GET 200 https://registry.npmjs.org/@tailwindcss%2foxide-linux-arm64-gnu 1996ms (cache miss)
322 silly packumentCache full:https://registry.npmjs.org/@tailwindcss%2foxide-linux-arm64-gnu set size:undefined disposed:false
323 http fetch GET 200 https://registry.npmjs.org/@tailwindcss%2foxide-linux-x64-musl 2203ms (cache miss)
324 silly packumentCache full:https://registry.npmjs.org/@tailwindcss%2foxide-linux-x64-musl set size:undefined disposed:false
325 http fetch GET 200 https://registry.npmjs.org/@tailwindcss%2foxide-win32-arm64-msvc 2356ms (cache miss)
326 silly packumentCache full:https://registry.npmjs.org/@tailwindcss%2foxide-win32-arm64-msvc set size:undefined disposed:false
327 http fetch GET 200 https://registry.npmjs.org/@tailwindcss%2foxide-win32-x64-msvc 3029ms (cache miss)
328 silly packumentCache full:https://registry.npmjs.org/@tailwindcss%2foxide-win32-x64-msvc set size:undefined disposed:false
329 http fetch GET 200 https://registry.npmjs.org/@tailwindcss%2foxide-darwin-arm64 3338ms (cache miss)
330 silly packumentCache full:https://registry.npmjs.org/@tailwindcss%2foxide-darwin-arm64 set size:undefined disposed:false
331 silly placeDep ROOT @jridgewell/remapping@2.3.5 OK for: @tailwindcss/node@4.3.3 want: ^2.3.5
332 silly placeDep ROOT enhanced-resolve@5.24.5 OK for: @tailwindcss/node@4.3.3 want: ^5.24.1
333 silly placeDep ROOT jiti@2.7.0 OK for: @tailwindcss/node@4.3.3 want: ^2.7.0
334 silly placeDep ROOT lightningcss@1.32.0 OK for: @tailwindcss/node@4.3.3 want: 1.32.0
335 silly placeDep ROOT magic-string@0.30.21 OK for: @tailwindcss/node@4.3.3 want: ^0.30.21
336 silly placeDep ROOT source-map-js@1.2.1 OK for: @tailwindcss/node@4.3.3 want: ^1.2.1
337 silly fetch manifest @jridgewell/gen-mapping@^0.3.5
338 silly packumentCache full:https://registry.npmjs.org/@jridgewell%2fgen-mapping cache-miss
339 silly fetch manifest @jridgewell/trace-mapping@^0.3.24
340 silly packumentCache full:https://registry.npmjs.org/@jridgewell%2ftrace-mapping cache-miss
341 silly fetch manifest tapable@^2.3.3
342 silly packumentCache full:https://registry.npmjs.org/tapable cache-miss
343 silly fetch manifest graceful-fs@^4.2.4
344 silly packumentCache full:https://registry.npmjs.org/graceful-fs cache-miss
345 silly fetch manifest detect-libc@^2.0.3
346 silly packumentCache full:https://registry.npmjs.org/detect-libc cache-miss
347 silly fetch manifest lightningcss-darwin-x64@1.32.0
348 silly packumentCache full:https://registry.npmjs.org/lightningcss-darwin-x64 cache-miss
349 silly fetch manifest lightningcss-freebsd-x64@1.32.0
350 silly packumentCache full:https://registry.npmjs.org/lightningcss-freebsd-x64 cache-miss
351 silly fetch manifest lightningcss-darwin-arm64@1.32.0
352 silly packumentCache full:https://registry.npmjs.org/lightningcss-darwin-arm64 cache-miss
353 silly fetch manifest lightningcss-android-arm64@1.32.0
354 silly packumentCache full:https://registry.npmjs.org/lightningcss-android-arm64 cache-miss
355 silly fetch manifest lightningcss-linux-x64-gnu@1.32.0
356 silly packumentCache full:https://registry.npmjs.org/lightningcss-linux-x64-gnu cache-miss
357 silly fetch manifest lightningcss-linux-x64-musl@1.32.0
358 silly packumentCache full:https://registry.npmjs.org/lightningcss-linux-x64-musl cache-miss
359 silly fetch manifest lightningcss-win32-x64-msvc@1.32.0
360 silly packumentCache full:https://registry.npmjs.org/lightningcss-win32-x64-msvc cache-miss
361 silly fetch manifest lightningcss-linux-arm64-gnu@1.32.0
362 silly packumentCache full:https://registry.npmjs.org/lightningcss-linux-arm64-gnu cache-miss
363 silly fetch manifest lightningcss-linux-arm64-musl@1.32.0
364 silly packumentCache full:https://registry.npmjs.org/lightningcss-linux-arm64-musl cache-miss
365 silly fetch manifest lightningcss-win32-arm64-msvc@1.32.0
366 silly packumentCache full:https://registry.npmjs.org/lightningcss-win32-arm64-msvc cache-miss
367 http fetch GET 200 https://registry.npmjs.org/detect-libc 75ms (cache miss)
368 silly packumentCache full:https://registry.npmjs.org/detect-libc set size:undefined disposed:false
369 silly fetch manifest lightningcss-linux-arm-gnueabihf@1.32.0
370 silly packumentCache full:https://registry.npmjs.org/lightningcss-linux-arm-gnueabihf cache-miss
371 http fetch GET 200 https://registry.npmjs.org/@jridgewell%2ftrace-mapping 151ms (cache miss)
372 silly packumentCache full:https://registry.npmjs.org/@jridgewell%2ftrace-mapping set size:undefined disposed:false
373 silly fetch manifest @jridgewell/sourcemap-codec@^1.5.5
374 silly packumentCache full:https://registry.npmjs.org/@jridgewell%2fsourcemap-codec cache-miss
375 http fetch GET 200 https://registry.npmjs.org/lightningcss-android-arm64 153ms (cache miss)
376 silly packumentCache full:https://registry.npmjs.org/lightningcss-android-arm64 set size:undefined disposed:false
377 http fetch GET 200 https://registry.npmjs.org/@jridgewell%2fgen-mapping 159ms (cache miss)
378 silly packumentCache full:https://registry.npmjs.org/@jridgewell%2fgen-mapping set size:undefined disposed:false
379 http fetch GET 200 https://registry.npmjs.org/tapable 162ms (cache miss)
380 silly packumentCache full:https://registry.npmjs.org/tapable set size:undefined disposed:false
381 http fetch GET 200 https://registry.npmjs.org/lightningcss-darwin-x64 183ms (cache miss)
382 silly packumentCache full:https://registry.npmjs.org/lightningcss-darwin-x64 set size:undefined disposed:false
383 http fetch GET 200 https://registry.npmjs.org/lightningcss-win32-arm64-msvc 193ms (cache miss)
384 silly packumentCache full:https://registry.npmjs.org/lightningcss-win32-arm64-msvc set size:undefined disposed:false
385 http fetch GET 200 https://registry.npmjs.org/lightningcss-darwin-arm64 195ms (cache miss)
386 silly packumentCache full:https://registry.npmjs.org/lightningcss-darwin-arm64 set size:undefined disposed:false
387 http fetch GET 200 https://registry.npmjs.org/lightningcss-linux-x64-gnu 197ms (cache miss)
388 silly packumentCache full:https://registry.npmjs.org/lightningcss-linux-x64-gnu set size:undefined disposed:false
389 http fetch GET 200 https://registry.npmjs.org/lightningcss-linux-x64-musl 198ms (cache miss)
390 silly packumentCache full:https://registry.npmjs.org/lightningcss-linux-x64-musl set size:undefined disposed:false
391 http fetch GET 200 https://registry.npmjs.org/lightningcss-linux-arm64-gnu 200ms (cache miss)
392 silly packumentCache full:https://registry.npmjs.org/lightningcss-linux-arm64-gnu set size:undefined disposed:false
393 http fetch GET 200 https://registry.npmjs.org/lightningcss-freebsd-x64 202ms (cache miss)
394 silly packumentCache full:https://registry.npmjs.org/lightningcss-freebsd-x64 set size:undefined disposed:false
395 http fetch GET 200 https://registry.npmjs.org/lightningcss-win32-x64-msvc 207ms (cache miss)
396 silly packumentCache full:https://registry.npmjs.org/lightningcss-win32-x64-msvc set size:undefined disposed:false
397 http fetch GET 200 https://registry.npmjs.org/lightningcss-linux-arm64-musl 208ms (cache miss)
398 silly packumentCache full:https://registry.npmjs.org/lightningcss-linux-arm64-musl set size:undefined disposed:false
399 http fetch GET 200 https://registry.npmjs.org/lightningcss-linux-arm-gnueabihf 134ms (cache miss)
400 silly packumentCache full:https://registry.npmjs.org/lightningcss-linux-arm-gnueabihf set size:undefined disposed:false
401 http fetch GET 200 https://registry.npmjs.org/graceful-fs 210ms (cache miss)
402 silly packumentCache full:https://registry.npmjs.org/graceful-fs set size:undefined disposed:false
403 http fetch GET 200 https://registry.npmjs.org/@jridgewell%2fsourcemap-codec 169ms (cache miss)
404 silly packumentCache full:https://registry.npmjs.org/@jridgewell%2fsourcemap-codec set size:undefined disposed:false
405 silly placeDep ROOT @jridgewell/gen-mapping@0.3.13 OK for: @jridgewell/remapping@2.3.5 want: ^0.3.5
406 silly placeDep ROOT @jridgewell/trace-mapping@0.3.31 OK for: @jridgewell/remapping@2.3.5 want: ^0.3.24
407 silly fetch manifest @jridgewell/sourcemap-codec@^1.5.0
408 silly packumentCache full:https://registry.npmjs.org/@jridgewell%2fsourcemap-codec cache-miss
409 silly fetch manifest @jridgewell/resolve-uri@^3.1.0
410 silly packumentCache full:https://registry.npmjs.org/@jridgewell%2fresolve-uri cache-miss
411 silly fetch manifest @jridgewell/sourcemap-codec@^1.4.14
412 silly packumentCache full:https://registry.npmjs.org/@jridgewell%2fsourcemap-codec cache-miss
413 http cache https://registry.npmjs.org/@jridgewell%2fsourcemap-codec 10ms (cache hit)
414 silly packumentCache full:https://registry.npmjs.org/@jridgewell%2fsourcemap-codec set size:65255 disposed:false
415 http cache https://registry.npmjs.org/@jridgewell%2fsourcemap-codec 11ms (cache hit)
416 silly packumentCache full:https://registry.npmjs.org/@jridgewell%2fsourcemap-codec set size:65255 disposed:false
417 silly packumentCache full:https://registry.npmjs.org/@jridgewell%2fsourcemap-codec dispose
418 http fetch GET 200 https://registry.npmjs.org/@jridgewell%2fresolve-uri 58ms (cache miss)
419 silly packumentCache full:https://registry.npmjs.org/@jridgewell%2fresolve-uri set size:undefined disposed:false
420 silly placeDep ROOT @jridgewell/sourcemap-codec@1.6.0 OK for: @jridgewell/gen-mapping@0.3.13 want: ^1.5.0
421 silly placeDep ROOT @jridgewell/resolve-uri@3.1.2 OK for: @jridgewell/trace-mapping@0.3.31 want: ^3.1.0
422 silly placeDep ROOT @tailwindcss/oxide-android-arm64@4.3.3 OK for: @tailwindcss/oxide@4.3.3 want: 4.3.3
423 silly placeDep ROOT @tailwindcss/oxide-darwin-arm64@4.3.3 OK for: @tailwindcss/oxide@4.3.3 want: 4.3.3
424 silly placeDep ROOT @tailwindcss/oxide-darwin-x64@4.3.3 OK for: @tailwindcss/oxide@4.3.3 want: 4.3.3
425 silly placeDep ROOT @tailwindcss/oxide-freebsd-x64@4.3.3 OK for: @tailwindcss/oxide@4.3.3 want: 4.3.3
426 silly placeDep ROOT @tailwindcss/oxide-linux-arm-gnueabihf@4.3.3 OK for: @tailwindcss/oxide@4.3.3 want: 4.3.3
427 silly placeDep ROOT @tailwindcss/oxide-linux-arm64-gnu@4.3.3 OK for: @tailwindcss/oxide@4.3.3 want: 4.3.3
428 silly placeDep ROOT @tailwindcss/oxide-linux-arm64-musl@4.3.3 OK for: @tailwindcss/oxide@4.3.3 want: 4.3.3
429 silly placeDep ROOT @tailwindcss/oxide-linux-x64-gnu@4.3.3 OK for: @tailwindcss/oxide@4.3.3 want: 4.3.3
430 silly placeDep ROOT @tailwindcss/oxide-linux-x64-musl@4.3.3 OK for: @tailwindcss/oxide@4.3.3 want: 4.3.3
431 silly placeDep ROOT @tailwindcss/oxide-wasm32-wasi@4.3.3 OK for: @tailwindcss/oxide@4.3.3 want: 4.3.3
432 silly placeDep ROOT @tailwindcss/oxide-win32-arm64-msvc@4.3.3 OK for: @tailwindcss/oxide@4.3.3 want: 4.3.3
433 silly placeDep ROOT @tailwindcss/oxide-win32-x64-msvc@4.3.3 OK for: @tailwindcss/oxide@4.3.3 want: 4.3.3
434 silly placeDep ROOT @rolldown/pluginutils@1.0.1 OK for: @vitejs/plugin-react@6.1.1 want: ^1.0.1
435 silly placeDep ROOT graceful-fs@4.2.11 OK for: enhanced-resolve@5.24.5 want: ^4.2.4
436 silly placeDep ROOT tapable@2.3.3 OK for: enhanced-resolve@5.24.5 want: ^2.3.3
437 silly placeDep ROOT detect-libc@2.1.2 OK for: lightningcss@1.32.0 want: ^2.0.3
438 silly placeDep ROOT lightningcss-android-arm64@1.32.0 OK for: lightningcss@1.32.0 want: 1.32.0
439 silly placeDep ROOT lightningcss-darwin-arm64@1.32.0 OK for: lightningcss@1.32.0 want: 1.32.0
440 silly placeDep ROOT lightningcss-darwin-x64@1.32.0 OK for: lightningcss@1.32.0 want: 1.32.0
441 silly placeDep ROOT lightningcss-freebsd-x64@1.32.0 OK for: lightningcss@1.32.0 want: 1.32.0
442 silly placeDep ROOT lightningcss-linux-arm-gnueabihf@1.32.0 OK for: lightningcss@1.32.0 want: 1.32.0
443 silly placeDep ROOT lightningcss-linux-arm64-gnu@1.32.0 OK for: lightningcss@1.32.0 want: 1.32.0
444 silly placeDep ROOT lightningcss-linux-arm64-musl@1.32.0 OK for: lightningcss@1.32.0 want: 1.32.0
445 silly placeDep ROOT lightningcss-linux-x64-gnu@1.32.0 OK for: lightningcss@1.32.0 want: 1.32.0
446 silly placeDep ROOT lightningcss-linux-x64-musl@1.32.0 OK for: lightningcss@1.32.0 want: 1.32.0
447 silly placeDep ROOT lightningcss-win32-arm64-msvc@1.32.0 OK for: lightningcss@1.32.0 want: 1.32.0
448 silly placeDep ROOT lightningcss-win32-x64-msvc@1.32.0 OK for: lightningcss@1.32.0 want: 1.32.0
449 silly placeDep ROOT scheduler@0.27.0 OK for: react-dom@19.2.8 want: ^0.27.0
450 silly fetch manifest react@>=18
451 silly packumentCache full:https://registry.npmjs.org/react cache-miss
452 http cache https://registry.npmjs.org/react 20ms (cache hit)
453 silly packumentCache full:https://registry.npmjs.org/react set size:6931815 disposed:false
454 silly fetch manifest react-dom@>=18
455 silly packumentCache full:https://registry.npmjs.org/react-dom cache-miss
456 http cache https://registry.npmjs.org/react-dom 23ms (cache hit)
457 silly packumentCache full:https://registry.npmjs.org/react-dom set size:9321468 disposed:false
458 silly placeDep ROOT react-router@7.18.3 OK for: react-router-dom@7.18.3 want: 7.18.3
459 silly fetch manifest cookie@^1.0.1
460 silly packumentCache full:https://registry.npmjs.org/cookie cache-miss
461 silly fetch manifest set-cookie-parser@^2.6.0
462 silly packumentCache full:https://registry.npmjs.org/set-cookie-parser cache-miss
463 http fetch GET 200 https://registry.npmjs.org/cookie 57ms (cache miss)
464 silly packumentCache full:https://registry.npmjs.org/cookie set size:undefined disposed:false
465 http fetch GET 200 https://registry.npmjs.org/set-cookie-parser 287ms (cache miss)
466 silly packumentCache full:https://registry.npmjs.org/set-cookie-parser set size:undefined disposed:false
467 silly placeDep ROOT cookie@1.1.1 OK for: react-router@7.18.3 want: ^1.0.1
468 silly placeDep ROOT set-cookie-parser@2.7.2 OK for: react-router@7.18.3 want: ^2.6.0
469 silly placeDep ROOT fsevents@2.3.3 OK for: vite@8.2.2 want: ~2.3.3
470 silly placeDep node_modules/vite lightningcss@1.33.0 OK for: vite@8.2.2 want: ^1.33.0
471 silly placeDep ROOT picomatch@4.0.7 OK for: vite@8.2.2 want: ^4.0.5
472 silly placeDep ROOT postcss@8.5.26 OK for: vite@8.2.2 want: ^8.5.26
473 silly placeDep ROOT rolldown@1.2.6 OK for: vite@8.2.2 want: ~1.2.4
474 silly placeDep ROOT tinyglobby@0.2.17 OK for: vite@8.2.2 want: ^0.2.17
475 silly fetch manifest lightningcss-darwin-x64@1.33.0
476 silly packumentCache full:https://registry.npmjs.org/lightningcss-darwin-x64 cache-miss
477 silly fetch manifest lightningcss-linux-x64-gnu@1.33.0
478 silly packumentCache full:https://registry.npmjs.org/lightningcss-linux-x64-gnu cache-miss
479 silly fetch manifest lightningcss-win32-x64-msvc@1.33.0
480 silly packumentCache full:https://registry.npmjs.org/lightningcss-win32-x64-msvc cache-miss
481 silly fetch manifest lightningcss-win32-arm64-msvc@1.33.0
482 silly packumentCache full:https://registry.npmjs.org/lightningcss-win32-arm64-msvc cache-miss
483 silly fetch manifest lightningcss-darwin-arm64@1.33.0
484 silly packumentCache full:https://registry.npmjs.org/lightningcss-darwin-arm64 cache-miss
485 silly fetch manifest lightningcss-linux-arm64-gnu@1.33.0
486 silly packumentCache full:https://registry.npmjs.org/lightningcss-linux-arm64-gnu cache-miss
487 silly fetch manifest lightningcss-linux-arm-gnueabihf@1.33.0
488 silly packumentCache full:https://registry.npmjs.org/lightningcss-linux-arm-gnueabihf cache-miss
489 silly fetch manifest lightningcss-linux-arm64-musl@1.33.0
490 silly packumentCache full:https://registry.npmjs.org/lightningcss-linux-arm64-musl cache-miss
491 silly fetch manifest lightningcss-linux-x64-musl@1.33.0
492 silly packumentCache full:https://registry.npmjs.org/lightningcss-linux-x64-musl cache-miss
493 silly fetch manifest lightningcss-freebsd-x64@1.33.0
494 silly packumentCache full:https://registry.npmjs.org/lightningcss-freebsd-x64 cache-miss
495 silly fetch manifest lightningcss-android-arm64@1.33.0
496 silly packumentCache full:https://registry.npmjs.org/lightningcss-android-arm64 cache-miss
497 silly fetch manifest nanoid@^3.3.17
498 silly packumentCache full:https://registry.npmjs.org/nanoid cache-miss
499 silly fetch manifest picocolors@^1.1.1
500 silly packumentCache full:https://registry.npmjs.org/picocolors cache-miss
501 silly fetch manifest @oxc-project/types@=0.147.0
502 silly packumentCache full:https://registry.npmjs.org/@oxc-project%2ftypes cache-miss
503 silly fetch manifest @rolldown/binding-darwin-x64@1.2.6
504 silly packumentCache full:https://registry.npmjs.org/@rolldown%2fbinding-darwin-x64 cache-miss
505 http cache https://registry.npmjs.org/lightningcss-linux-x64-gnu 26ms (cache hit)
506 silly packumentCache full:https://registry.npmjs.org/lightningcss-linux-x64-gnu set size:81819 disposed:false
507 silly fetch manifest @rolldown/binding-freebsd-x64@1.2.6
508 silly packumentCache full:https://registry.npmjs.org/@rolldown%2fbinding-freebsd-x64 cache-miss
509 http cache https://registry.npmjs.org/lightningcss-win32-x64-msvc 27ms (cache hit)
510 silly packumentCache full:https://registry.npmjs.org/lightningcss-win32-x64-msvc set size:81347 disposed:false
511 silly fetch manifest @rolldown/binding-darwin-arm64@1.2.6
512 silly packumentCache full:https://registry.npmjs.org/@rolldown%2fbinding-darwin-arm64 cache-miss
513 http cache https://registry.npmjs.org/lightningcss-win32-arm64-msvc 28ms (cache hit)
514 silly packumentCache full:https://registry.npmjs.org/lightningcss-win32-arm64-msvc set size:28346 disposed:false
515 silly fetch manifest @rolldown/binding-android-arm64@1.2.6
516 silly packumentCache full:https://registry.npmjs.org/@rolldown%2fbinding-android-arm64 cache-miss
517 http cache https://registry.npmjs.org/lightningcss-linux-arm64-gnu 29ms (cache hit)
518 silly packumentCache full:https://registry.npmjs.org/lightningcss-linux-arm64-gnu set size:82397 disposed:false
519 silly fetch manifest @rolldown/binding-linux-x64-gnu@1.2.6
520 silly packumentCache full:https://registry.npmjs.org/@rolldown%2fbinding-linux-x64-gnu cache-miss
521 http cache https://registry.npmjs.org/lightningcss-linux-arm64-musl 32ms (cache hit)
522 silly packumentCache full:https://registry.npmjs.org/lightningcss-linux-arm64-musl set size:82617 disposed:false
523 silly fetch manifest @rolldown/binding-linux-x64-musl@1.2.6
524 silly packumentCache full:https://registry.npmjs.org/@rolldown%2fbinding-linux-x64-musl cache-miss
525 http cache https://registry.npmjs.org/lightningcss-freebsd-x64 34ms (cache hit)
526 silly packumentCache full:https://registry.npmjs.org/lightningcss-freebsd-x64 set size:44564 disposed:false
527 silly fetch manifest @rolldown/binding-win32-x64-msvc@1.2.6
528 silly packumentCache full:https://registry.npmjs.org/@rolldown%2fbinding-win32-x64-msvc cache-miss
529 http cache https://registry.npmjs.org/lightningcss-android-arm64 35ms (cache hit)
530 silly packumentCache full:https://registry.npmjs.org/lightningcss-android-arm64 set size:9371 disposed:false
531 silly fetch manifest @rolldown/binding-linux-arm64-gnu@1.2.6
532 silly packumentCache full:https://registry.npmjs.org/@rolldown%2fbinding-linux-arm64-gnu cache-miss
533 http cache https://registry.npmjs.org/lightningcss-darwin-arm64 36ms (cache hit)
534 silly packumentCache full:https://registry.npmjs.org/lightningcss-darwin-arm64 set size:80970 disposed:false
535 silly fetch manifest @rolldown/binding-linux-ppc64-gnu@1.2.6
536 silly packumentCache full:https://registry.npmjs.org/@rolldown%2fbinding-linux-ppc64-gnu cache-miss
537 http cache https://registry.npmjs.org/lightningcss-darwin-x64 41ms (cache hit)
538 silly packumentCache full:https://registry.npmjs.org/lightningcss-darwin-x64 set size:80374 disposed:false
539 silly fetch manifest @rolldown/binding-linux-s390x-gnu@1.2.6
540 silly packumentCache full:https://registry.npmjs.org/@rolldown%2fbinding-linux-s390x-gnu cache-miss
541 http cache https://registry.npmjs.org/lightningcss-linux-x64-musl 40ms (cache hit)
542 silly packumentCache full:https://registry.npmjs.org/lightningcss-linux-x64-musl set size:82032 disposed:false
543 silly fetch manifest @rolldown/binding-android-arm-eabi@1.2.6
544 silly packumentCache full:https://registry.npmjs.org/@rolldown%2fbinding-android-arm-eabi cache-miss
545 http cache https://registry.npmjs.org/lightningcss-linux-arm-gnueabihf 42ms (cache hit)
546 silly packumentCache full:https://registry.npmjs.org/lightningcss-linux-arm-gnueabihf set size:82635 disposed:false
547 silly fetch manifest @rolldown/binding-linux-arm64-musl@1.2.6
548 silly packumentCache full:https://registry.npmjs.org/@rolldown%2fbinding-linux-arm64-musl cache-miss
549 http fetch GET 200 https://registry.npmjs.org/picocolors 50ms (cache miss)
550 silly packumentCache full:https://registry.npmjs.org/picocolors set size:undefined disposed:false
551 silly fetch manifest @rolldown/binding-win32-arm64-msvc@1.2.6
552 silly packumentCache full:https://registry.npmjs.org/@rolldown%2fbinding-win32-arm64-msvc cache-miss
553 http fetch GET 200 https://registry.npmjs.org/@rolldown%2fbinding-linux-s390x-gnu 69ms (cache miss)
554 silly packumentCache full:https://registry.npmjs.org/@rolldown%2fbinding-linux-s390x-gnu set size:undefined disposed:false
555 silly fetch manifest @rolldown/binding-openharmony-arm64@1.2.6
556 silly packumentCache full:https://registry.npmjs.org/@rolldown%2fbinding-openharmony-arm64 cache-miss
557 http fetch GET 200 https://registry.npmjs.org/@rolldown%2fbinding-android-arm-eabi 94ms (cache miss)
558 silly packumentCache full:https://registry.npmjs.org/@rolldown%2fbinding-android-arm-eabi set size:undefined disposed:false
559 silly fetch manifest @rolldown/binding-linux-arm-gnueabihf@1.2.6
560 silly packumentCache full:https://registry.npmjs.org/@rolldown%2fbinding-linux-arm-gnueabihf cache-miss
561 http fetch GET 200 https://registry.npmjs.org/@rolldown%2fbinding-android-arm64 177ms (cache miss)
562 silly packumentCache full:https://registry.npmjs.org/@rolldown%2fbinding-android-arm64 set size:undefined disposed:false
563 silly fetch manifest fdir@^6.5.0
564 silly packumentCache full:https://registry.npmjs.org/fdir cache-miss
565 http fetch GET 200 https://registry.npmjs.org/@rolldown%2fbinding-openharmony-arm64 394ms (cache miss)
566 silly packumentCache full:https://registry.npmjs.org/@rolldown%2fbinding-openharmony-arm64 set size:undefined disposed:false
567 http fetch GET 200 https://registry.npmjs.org/@rolldown%2fbinding-linux-ppc64-gnu 472ms (cache miss)
568 silly packumentCache full:https://registry.npmjs.org/@rolldown%2fbinding-linux-ppc64-gnu set size:undefined disposed:false
569 http fetch GET 200 https://registry.npmjs.org/fdir 358ms (cache miss)
570 silly packumentCache full:https://registry.npmjs.org/fdir set size:undefined disposed:false
571 http fetch GET 200 https://registry.npmjs.org/@oxc-project%2ftypes 625ms (cache miss)
572 silly packumentCache full:https://registry.npmjs.org/@oxc-project%2ftypes set size:undefined disposed:false
573 http fetch GET 200 https://registry.npmjs.org/@rolldown%2fbinding-darwin-x64 917ms (cache miss)
574 silly packumentCache full:https://registry.npmjs.org/@rolldown%2fbinding-darwin-x64 set size:undefined disposed:false
575 http fetch GET 200 https://registry.npmjs.org/@rolldown%2fbinding-win32-arm64-msvc 883ms (cache miss)
576 silly packumentCache full:https://registry.npmjs.org/@rolldown%2fbinding-win32-arm64-msvc set size:undefined disposed:false
577 http fetch GET 200 https://registry.npmjs.org/@rolldown%2fbinding-darwin-arm64 944ms (cache miss)
578 silly packumentCache full:https://registry.npmjs.org/@rolldown%2fbinding-darwin-arm64 set size:undefined disposed:false
579 http fetch GET 200 https://registry.npmjs.org/@rolldown%2fbinding-freebsd-x64 949ms (cache miss)
580 silly packumentCache full:https://registry.npmjs.org/@rolldown%2fbinding-freebsd-x64 set size:undefined disposed:false
581 http fetch GET 200 https://registry.npmjs.org/@rolldown%2fbinding-linux-x64-musl 998ms (cache miss)
582 silly packumentCache full:https://registry.npmjs.org/@rolldown%2fbinding-linux-x64-musl set size:undefined disposed:false
583 http fetch GET 200 https://registry.npmjs.org/nanoid 1042ms (cache miss)
584 silly packumentCache full:https://registry.npmjs.org/nanoid set size:undefined disposed:false
585 http fetch GET 200 https://registry.npmjs.org/@rolldown%2fbinding-linux-x64-gnu 1061ms (cache miss)
586 silly packumentCache full:https://registry.npmjs.org/@rolldown%2fbinding-linux-x64-gnu set size:undefined disposed:false
587 http fetch GET 200 https://registry.npmjs.org/@rolldown%2fbinding-win32-x64-msvc 1090ms (cache miss)
588 silly packumentCache full:https://registry.npmjs.org/@rolldown%2fbinding-win32-x64-msvc set size:undefined disposed:false
589 http fetch GET 200 https://registry.npmjs.org/@rolldown%2fbinding-linux-arm-gnueabihf 1002ms (cache miss)
590 silly packumentCache full:https://registry.npmjs.org/@rolldown%2fbinding-linux-arm-gnueabihf set size:undefined disposed:false
591 http fetch GET 200 https://registry.npmjs.org/@rolldown%2fbinding-linux-arm64-musl 1108ms (cache miss)
592 silly packumentCache full:https://registry.npmjs.org/@rolldown%2fbinding-linux-arm64-musl set size:undefined disposed:false
593 http fetch GET 200 https://registry.npmjs.org/@rolldown%2fbinding-linux-arm64-gnu 1121ms (cache miss)
594 silly packumentCache full:https://registry.npmjs.org/@rolldown%2fbinding-linux-arm64-gnu set size:undefined disposed:false
595 silly placeDep ROOT nanoid@3.3.18 OK for: postcss@8.5.26 want: ^3.3.17
596 silly placeDep ROOT picocolors@1.1.1 OK for: postcss@8.5.26 want: ^1.1.1
597 silly placeDep ROOT @oxc-project/types@0.147.0 OK for: rolldown@1.2.6 want: =0.147.0
598 silly placeDep ROOT @rolldown/binding-android-arm-eabi@1.2.6 OK for: rolldown@1.2.6 want: 1.2.6
599 silly placeDep ROOT @rolldown/binding-android-arm64@1.2.6 OK for: rolldown@1.2.6 want: 1.2.6
600 silly placeDep ROOT @rolldown/binding-darwin-arm64@1.2.6 OK for: rolldown@1.2.6 want: 1.2.6
601 silly placeDep ROOT @rolldown/binding-darwin-x64@1.2.6 OK for: rolldown@1.2.6 want: 1.2.6
602 silly placeDep ROOT @rolldown/binding-freebsd-x64@1.2.6 OK for: rolldown@1.2.6 want: 1.2.6
603 silly placeDep ROOT @rolldown/binding-linux-arm-gnueabihf@1.2.6 OK for: rolldown@1.2.6 want: 1.2.6
604 silly placeDep ROOT @rolldown/binding-linux-arm64-gnu@1.2.6 OK for: rolldown@1.2.6 want: 1.2.6
605 silly placeDep ROOT @rolldown/binding-linux-arm64-musl@1.2.6 OK for: rolldown@1.2.6 want: 1.2.6
606 silly placeDep ROOT @rolldown/binding-linux-ppc64-gnu@1.2.6 OK for: rolldown@1.2.6 want: 1.2.6
607 silly placeDep ROOT @rolldown/binding-linux-s390x-gnu@1.2.6 OK for: rolldown@1.2.6 want: 1.2.6
608 silly placeDep ROOT @rolldown/binding-linux-x64-gnu@1.2.6 OK for: rolldown@1.2.6 want: 1.2.6
609 silly placeDep ROOT @rolldown/binding-linux-x64-musl@1.2.6 OK for: rolldown@1.2.6 want: 1.2.6
610 silly placeDep ROOT @rolldown/binding-openharmony-arm64@1.2.6 OK for: rolldown@1.2.6 want: 1.2.6
611 silly placeDep ROOT @rolldown/binding-win32-arm64-msvc@1.2.6 OK for: rolldown@1.2.6 want: 1.2.6
612 silly placeDep ROOT @rolldown/binding-win32-x64-msvc@1.2.6 OK for: rolldown@1.2.6 want: 1.2.6
613 silly fetch manifest picomatch@^4.0.4
614 silly packumentCache full:https://registry.npmjs.org/picomatch cache-miss
615 http cache https://registry.npmjs.org/picomatch 10ms (cache hit)
616 silly packumentCache full:https://registry.npmjs.org/picomatch set size:134451 disposed:false
617 silly placeDep ROOT fdir@6.5.0 OK for: tinyglobby@0.2.17 want: ^6.5.0
618 silly placeDep node_modules/vite lightningcss-android-arm64@1.33.0 OK for: lightningcss@1.33.0 want: 1.33.0
619 silly placeDep node_modules/vite lightningcss-darwin-arm64@1.33.0 OK for: lightningcss@1.33.0 want: 1.33.0
620 silly placeDep node_modules/vite lightningcss-darwin-x64@1.33.0 OK for: lightningcss@1.33.0 want: 1.33.0
621 silly placeDep node_modules/vite lightningcss-freebsd-x64@1.33.0 OK for: lightningcss@1.33.0 want: 1.33.0
622 silly placeDep node_modules/vite lightningcss-linux-arm-gnueabihf@1.33.0 OK for: lightningcss@1.33.0 want: 1.33.0
623 silly placeDep node_modules/vite lightningcss-linux-arm64-gnu@1.33.0 OK for: lightningcss@1.33.0 want: 1.33.0
624 silly placeDep node_modules/vite lightningcss-linux-arm64-musl@1.33.0 OK for: lightningcss@1.33.0 want: 1.33.0
625 silly placeDep node_modules/vite lightningcss-linux-x64-gnu@1.33.0 OK for: lightningcss@1.33.0 want: 1.33.0
626 silly placeDep node_modules/vite lightningcss-linux-x64-musl@1.33.0 OK for: lightningcss@1.33.0 want: 1.33.0
627 silly placeDep node_modules/vite lightningcss-win32-arm64-msvc@1.33.0 OK for: lightningcss@1.33.0 want: 1.33.0
628 silly placeDep node_modules/vite lightningcss-win32-x64-msvc@1.33.0 OK for: lightningcss@1.33.0 want: 1.33.0
629 silly reify moves {}
630 silly audit bulk request {
630 silly audit   '@tailwindcss/vite': [ '4.3.3' ],
630 silly audit   vite: [ '8.2.2' ],
630 silly audit   '@vitejs/plugin-react': [ '6.1.1' ],
630 silly audit   react: [ '19.2.8' ],
630 silly audit   'react-dom': [ '19.2.8' ],
630 silly audit   'react-router-dom': [ '7.18.3' ],
630 silly audit   tailwindcss: [ '4.3.3' ],
630 silly audit   '@tailwindcss/node': [ '4.3.3' ],
630 silly audit   '@tailwindcss/oxide': [ '4.3.3' ],
630 silly audit   '@jridgewell/remapping': [ '2.3.5' ],
630 silly audit   'enhanced-resolve': [ '5.24.5' ],
630 silly audit   jiti: [ '2.7.0' ],
630 silly audit   lightningcss: [ '1.32.0', '1.33.0' ],
630 silly audit   'magic-string': [ '0.30.21' ],
630 silly audit   'source-map-js': [ '1.2.1' ],
630 silly audit   '@jridgewell/gen-mapping': [ '0.3.13' ],
630 silly audit   '@jridgewell/trace-mapping': [ '0.3.31' ],
630 silly audit   '@jridgewell/sourcemap-codec': [ '1.6.0' ],
630 silly audit   '@jridgewell/resolve-uri': [ '3.1.2' ],
630 silly audit   '@tailwindcss/oxide-android-arm64': [ '4.3.3' ],
630 silly audit   '@tailwindcss/oxide-darwin-arm64': [ '4.3.3' ],
630 silly audit   '@tailwindcss/oxide-darwin-x64': [ '4.3.3' ],
630 silly audit   '@tailwindcss/oxide-freebsd-x64': [ '4.3.3' ],
630 silly audit   '@tailwindcss/oxide-linux-arm-gnueabihf': [ '4.3.3' ],
630 silly audit   '@tailwindcss/oxide-linux-arm64-gnu': [ '4.3.3' ],
630 silly audit   '@tailwindcss/oxide-linux-arm64-musl': [ '4.3.3' ],
630 silly audit   '@tailwindcss/oxide-linux-x64-gnu': [ '4.3.3' ],
630 silly audit   '@tailwindcss/oxide-linux-x64-musl': [ '4.3.3' ],
630 silly audit   '@tailwindcss/oxide-wasm32-wasi': [ '4.3.3' ],
630 silly audit   '@tailwindcss/oxide-win32-arm64-msvc': [ '4.3.3' ],
630 silly audit   '@tailwindcss/oxide-win32-x64-msvc': [ '4.3.3' ],
630 silly audit   '@rolldown/pluginutils': [ '1.0.1' ],
630 silly audit   'graceful-fs': [ '4.2.11' ],
630 silly audit   tapable: [ '2.3.3' ],
630 silly audit   'detect-libc': [ '2.1.2' ],
630 silly audit   'lightningcss-android-arm64': [ '1.32.0', '1.33.0' ],
630 silly audit   'lightningcss-darwin-arm64': [ '1.32.0', '1.33.0' ],
630 silly audit   'lightningcss-darwin-x64': [ '1.32.0', '1.33.0' ],
630 silly audit   'lightningcss-freebsd-x64': [ '1.32.0', '1.33.0' ],
630 silly audit   'lightningcss-linux-arm-gnueabihf': [ '1.32.0', '1.33.0' ],
630 silly audit   'lightningcss-linux-arm64-gnu': [ '1.32.0', '1.33.0' ],
630 silly audit   'lightningcss-linux-arm64-musl': [ '1.32.0', '1.33.0' ],
630 silly audit   'lightningcss-linux-x64-gnu': [ '1.32.0', '1.33.0' ],
630 silly audit   'lightningcss-linux-x64-musl': [ '1.32.0', '1.33.0' ],
630 silly audit   'lightningcss-win32-arm64-msvc': [ '1.32.0', '1.33.0' ],
630 silly audit   'lightningcss-win32-x64-msvc': [ '1.32.0', '1.33.0' ],
630 silly audit   scheduler: [ '0.27.0' ],
630 silly audit   'react-router': [ '7.18.3' ],
630 silly audit   cookie: [ '1.1.1' ],
630 silly audit   'set-cookie-parser': [ '2.7.2' ],
630 silly audit   fsevents: [ '2.3.3' ],
630 silly audit   picomatch: [ '4.0.7' ],
630 silly audit   postcss: [ '8.5.26' ],
630 silly audit   rolldown: [ '1.2.6' ],
630 silly audit   tinyglobby: [ '0.2.17' ],
630 silly audit   nanoid: [ '3.3.18' ],
630 silly audit   picocolors: [ '1.1.1' ],
630 silly audit   '@oxc-project/types': [ '0.147.0' ],
630 silly audit   '@rolldown/binding-android-arm-eabi': [ '1.2.6' ],
630 silly audit   '@rolldown/binding-android-arm64': [ '1.2.6' ],
630 silly audit   '@rolldown/binding-darwin-arm64': [ '1.2.6' ],
630 silly audit   '@rolldown/binding-darwin-x64': [ '1.2.6' ],
630 silly audit   '@rolldown/binding-freebsd-x64': [ '1.2.6' ],
630 silly audit   '@rolldown/binding-linux-arm-gnueabihf': [ '1.2.6' ],
630 silly audit   '@rolldown/binding-linux-arm64-gnu': [ '1.2.6' ],
630 silly audit   '@rolldown/binding-linux-arm64-musl': [ '1.2.6' ],
630 silly audit   '@rolldown/binding-linux-ppc64-gnu': [ '1.2.6' ],
630 silly audit   '@rolldown/binding-linux-s390x-gnu': [ '1.2.6' ],
630 silly audit   '@rolldown/binding-linux-x64-gnu': [ '1.2.6' ],
630 silly audit   '@rolldown/binding-linux-x64-musl': [ '1.2.6' ],
630 silly audit   '@rolldown/binding-openharmony-arm64': [ '1.2.6' ],
630 silly audit   '@rolldown/binding-win32-arm64-msvc': [ '1.2.6' ],
630 silly audit   '@rolldown/binding-win32-x64-msvc': [ '1.2.6' ],
630 silly audit   fdir: [ '6.5.0' ]
630 silly audit }
631 http cache @rolldown/binding-win32-x64-msvc@https://registry.npmjs.org/@rolldown/binding-win32-x64-msvc/-/binding-win32-x64-msvc-1.2.6.tgz 0ms (cache hit)
632 http cache fdir@https://registry.npmjs.org/fdir/-/fdir-6.5.0.tgz 0ms (cache hit)
633 http cache @oxc-project/types@https://registry.npmjs.org/@oxc-project/types/-/types-0.147.0.tgz 0ms (cache hit)
634 http cache tinyglobby@https://registry.npmjs.org/tinyglobby/-/tinyglobby-0.2.17.tgz 0ms (cache hit)
635 http cache picocolors@https://registry.npmjs.org/picocolors/-/picocolors-1.1.1.tgz 1ms (cache hit)
636 http cache nanoid@https://registry.npmjs.org/nanoid/-/nanoid-3.3.18.tgz 0ms (cache hit)
637 http cache rolldown@https://registry.npmjs.org/rolldown/-/rolldown-1.2.6.tgz 0ms (cache hit)
638 http cache picomatch@https://registry.npmjs.org/picomatch/-/picomatch-4.0.7.tgz 0ms (cache hit)
639 http cache postcss@https://registry.npmjs.org/postcss/-/postcss-8.5.26.tgz 0ms (cache hit)
640 http cache react-router@https://registry.npmjs.org/react-router/-/react-router-7.18.3.tgz 0ms (cache hit)
641 http cache set-cookie-parser@https://registry.npmjs.org/set-cookie-parser/-/set-cookie-parser-2.7.2.tgz 0ms (cache hit)
642 http cache cookie@https://registry.npmjs.org/cookie/-/cookie-1.1.1.tgz 0ms (cache hit)
643 http cache tapable@https://registry.npmjs.org/tapable/-/tapable-2.3.3.tgz 0ms (cache hit)
644 http cache graceful-fs@https://registry.npmjs.org/graceful-fs/-/graceful-fs-4.2.11.tgz 0ms (cache hit)
645 http cache scheduler@https://registry.npmjs.org/scheduler/-/scheduler-0.27.0.tgz 0ms (cache hit)
646 http cache lightningcss-win32-x64-msvc@https://registry.npmjs.org/lightningcss-win32-x64-msvc/-/lightningcss-win32-x64-msvc-1.32.0.tgz 0ms (cache hit)
647 http cache @jridgewell/resolve-uri@https://registry.npmjs.org/@jridgewell/resolve-uri/-/resolve-uri-3.1.2.tgz 0ms (cache hit)
648 http cache @rolldown/pluginutils@https://registry.npmjs.org/@rolldown/pluginutils/-/pluginutils-1.0.1.tgz 0ms (cache hit)
649 http cache detect-libc@https://registry.npmjs.org/detect-libc/-/detect-libc-2.1.2.tgz 0ms (cache hit)
650 http cache source-map-js@https://registry.npmjs.org/source-map-js/-/source-map-js-1.2.1.tgz 0ms (cache hit)
651 http cache @jridgewell/gen-mapping@https://registry.npmjs.org/@jridgewell/gen-mapping/-/gen-mapping-0.3.13.tgz 0ms (cache hit)
652 http cache @jridgewell/trace-mapping@https://registry.npmjs.org/@jridgewell/trace-mapping/-/trace-mapping-0.3.31.tgz 0ms (cache hit)
653 http cache @jridgewell/sourcemap-codec@https://registry.npmjs.org/@jridgewell/sourcemap-codec/-/sourcemap-codec-1.6.0.tgz 0ms (cache hit)
654 http cache lightningcss@https://registry.npmjs.org/lightningcss/-/lightningcss-1.32.0.tgz 0ms (cache hit)
655 http cache magic-string@https://registry.npmjs.org/magic-string/-/magic-string-0.30.21.tgz 0ms (cache hit)
656 http cache jiti@https://registry.npmjs.org/jiti/-/jiti-2.7.0.tgz 0ms (cache hit)
657 http cache @tailwindcss/oxide-win32-x64-msvc@https://registry.npmjs.org/@tailwindcss/oxide-win32-x64-msvc/-/oxide-win32-x64-msvc-4.3.3.tgz 0ms (cache hit)
658 http cache enhanced-resolve@https://registry.npmjs.org/enhanced-resolve/-/enhanced-resolve-5.24.5.tgz 0ms (cache hit)
659 http cache @tailwindcss/oxide@https://registry.npmjs.org/@tailwindcss/oxide/-/oxide-4.3.3.tgz 0ms (cache hit)
660 http cache @jridgewell/remapping@https://registry.npmjs.org/@jridgewell/remapping/-/remapping-2.3.5.tgz 0ms (cache hit)
661 http cache @tailwindcss/node@https://registry.npmjs.org/@tailwindcss/node/-/node-4.3.3.tgz 0ms (cache hit)
662 http cache react@https://registry.npmjs.org/react/-/react-19.2.8.tgz 0ms (cache hit)
663 http cache react-dom@https://registry.npmjs.org/react-dom/-/react-dom-19.2.8.tgz 0ms (cache hit)
664 http cache tailwindcss@https://registry.npmjs.org/tailwindcss/-/tailwindcss-4.3.3.tgz 0ms (cache hit)
665 http cache vite@https://registry.npmjs.org/vite/-/vite-8.2.2.tgz 0ms (cache hit)
666 http cache react-router-dom@https://registry.npmjs.org/react-router-dom/-/react-router-dom-7.18.3.tgz 0ms (cache hit)
667 http cache @tailwindcss/vite@https://registry.npmjs.org/@tailwindcss/vite/-/vite-4.3.3.tgz 0ms (cache hit)
668 http cache lightningcss-win32-x64-msvc@https://registry.npmjs.org/lightningcss-win32-x64-msvc/-/lightningcss-win32-x64-msvc-1.33.0.tgz 0ms (cache hit)
669 silly tarball no local data for @rolldown/binding-win32-x64-msvc@https://registry.npmjs.org/@rolldown/binding-win32-x64-msvc/-/binding-win32-x64-msvc-1.2.6.tgz. Extracting by manifest.
670 silly tarball no local data for fdir@https://registry.npmjs.org/fdir/-/fdir-6.5.0.tgz. Extracting by manifest.
671 http cache @vitejs/plugin-react@https://registry.npmjs.org/@vitejs/plugin-react/-/plugin-react-6.1.1.tgz 0ms (cache hit)
672 silly tarball no local data for @oxc-project/types@https://registry.npmjs.org/@oxc-project/types/-/types-0.147.0.tgz. Extracting by manifest.
673 silly tarball no local data for tinyglobby@https://registry.npmjs.org/tinyglobby/-/tinyglobby-0.2.17.tgz. Extracting by manifest.
674 silly tarball no local data for picocolors@https://registry.npmjs.org/picocolors/-/picocolors-1.1.1.tgz. Extracting by manifest.
675 silly tarball no local data for nanoid@https://registry.npmjs.org/nanoid/-/nanoid-3.3.18.tgz. Extracting by manifest.
676 silly tarball no local data for rolldown@https://registry.npmjs.org/rolldown/-/rolldown-1.2.6.tgz. Extracting by manifest.
677 silly tarball no local data for picomatch@https://registry.npmjs.org/picomatch/-/picomatch-4.0.7.tgz. Extracting by manifest.
678 http cache lightningcss@https://registry.npmjs.org/lightningcss/-/lightningcss-1.33.0.tgz 0ms (cache hit)
679 silly tarball no local data for postcss@https://registry.npmjs.org/postcss/-/postcss-8.5.26.tgz. Extracting by manifest.
680 silly tarball no local data for react-router@https://registry.npmjs.org/react-router/-/react-router-7.18.3.tgz. Extracting by manifest.
681 silly tarball no local data for set-cookie-parser@https://registry.npmjs.org/set-cookie-parser/-/set-cookie-parser-2.7.2.tgz. Extracting by manifest.
682 silly tarball no local data for cookie@https://registry.npmjs.org/cookie/-/cookie-1.1.1.tgz. Extracting by manifest.
683 silly tarball no local data for tapable@https://registry.npmjs.org/tapable/-/tapable-2.3.3.tgz. Extracting by manifest.
684 silly tarball no local data for graceful-fs@https://registry.npmjs.org/graceful-fs/-/graceful-fs-4.2.11.tgz. Extracting by manifest.
685 silly tarball no local data for scheduler@https://registry.npmjs.org/scheduler/-/scheduler-0.27.0.tgz. Extracting by manifest.
686 silly tarball no local data for lightningcss-win32-x64-msvc@https://registry.npmjs.org/lightningcss-win32-x64-msvc/-/lightningcss-win32-x64-msvc-1.32.0.tgz. Extracting by manifest.
687 silly tarball no local data for @jridgewell/resolve-uri@https://registry.npmjs.org/@jridgewell/resolve-uri/-/resolve-uri-3.1.2.tgz. Extracting by manifest.
688 silly tarball no local data for @rolldown/pluginutils@https://registry.npmjs.org/@rolldown/pluginutils/-/pluginutils-1.0.1.tgz. Extracting by manifest.
689 silly tarball no local data for detect-libc@https://registry.npmjs.org/detect-libc/-/detect-libc-2.1.2.tgz. Extracting by manifest.
690 silly tarball no local data for source-map-js@https://registry.npmjs.org/source-map-js/-/source-map-js-1.2.1.tgz. Extracting by manifest.
691 silly tarball no local data for @jridgewell/gen-mapping@https://registry.npmjs.org/@jridgewell/gen-mapping/-/gen-mapping-0.3.13.tgz. Extracting by manifest.
692 silly tarball no local data for @jridgewell/trace-mapping@https://registry.npmjs.org/@jridgewell/trace-mapping/-/trace-mapping-0.3.31.tgz. Extracting by manifest.
693 silly tarball no local data for @jridgewell/sourcemap-codec@https://registry.npmjs.org/@jridgewell/sourcemap-codec/-/sourcemap-codec-1.6.0.tgz. Extracting by manifest.
694 silly tarball no local data for lightningcss@https://registry.npmjs.org/lightningcss/-/lightningcss-1.32.0.tgz. Extracting by manifest.
695 silly tarball no local data for magic-string@https://registry.npmjs.org/magic-string/-/magic-string-0.30.21.tgz. Extracting by manifest.
696 silly tarball no local data for jiti@https://registry.npmjs.org/jiti/-/jiti-2.7.0.tgz. Extracting by manifest.
697 silly tarball no local data for @tailwindcss/oxide-win32-x64-msvc@https://registry.npmjs.org/@tailwindcss/oxide-win32-x64-msvc/-/oxide-win32-x64-msvc-4.3.3.tgz. Extracting by manifest.
698 silly tarball no local data for enhanced-resolve@https://registry.npmjs.org/enhanced-resolve/-/enhanced-resolve-5.24.5.tgz. Extracting by manifest.
699 silly tarball no local data for @tailwindcss/oxide@https://registry.npmjs.org/@tailwindcss/oxide/-/oxide-4.3.3.tgz. Extracting by manifest.
700 silly tarball no local data for @jridgewell/remapping@https://registry.npmjs.org/@jridgewell/remapping/-/remapping-2.3.5.tgz. Extracting by manifest.
701 silly tarball no local data for @tailwindcss/node@https://registry.npmjs.org/@tailwindcss/node/-/node-4.3.3.tgz. Extracting by manifest.
702 silly tarball no local data for react@https://registry.npmjs.org/react/-/react-19.2.8.tgz. Extracting by manifest.
703 silly tarball no local data for react-dom@https://registry.npmjs.org/react-dom/-/react-dom-19.2.8.tgz. Extracting by manifest.
704 silly tarball no local data for tailwindcss@https://registry.npmjs.org/tailwindcss/-/tailwindcss-4.3.3.tgz. Extracting by manifest.
705 silly tarball no local data for vite@https://registry.npmjs.org/vite/-/vite-8.2.2.tgz. Extracting by manifest.
706 silly tarball no local data for react-router-dom@https://registry.npmjs.org/react-router-dom/-/react-router-dom-7.18.3.tgz. Extracting by manifest.
707 silly tarball no local data for @tailwindcss/vite@https://registry.npmjs.org/@tailwindcss/vite/-/vite-4.3.3.tgz. Extracting by manifest.
708 silly tarball no local data for lightningcss-win32-x64-msvc@https://registry.npmjs.org/lightningcss-win32-x64-msvc/-/lightningcss-win32-x64-msvc-1.33.0.tgz. Extracting by manifest.
709 silly tarball no local data for @vitejs/plugin-react@https://registry.npmjs.org/@vitejs/plugin-react/-/plugin-react-6.1.1.tgz. Extracting by manifest.
710 silly tarball no local data for lightningcss@https://registry.npmjs.org/lightningcss/-/lightningcss-1.33.0.tgz. Extracting by manifest.
711 http fetch GET 200 https://registry.npmjs.org/graceful-fs/-/graceful-fs-4.2.11.tgz 74ms (cache miss)
712 http fetch GET 200 https://registry.npmjs.org/tinyglobby/-/tinyglobby-0.2.17.tgz 79ms (cache miss)
713 http fetch GET 200 https://registry.npmjs.org/nanoid/-/nanoid-3.3.18.tgz 82ms (cache miss)
714 http fetch GET 200 https://registry.npmjs.org/picocolors/-/picocolors-1.1.1.tgz 83ms (cache miss)
715 http fetch GET 200 https://registry.npmjs.org/set-cookie-parser/-/set-cookie-parser-2.7.2.tgz 89ms (cache miss)
716 http fetch GET 200 https://registry.npmjs.org/@oxc-project/types/-/types-0.147.0.tgz 100ms (cache miss)
717 http fetch GET 200 https://registry.npmjs.org/cookie/-/cookie-1.1.1.tgz 98ms (cache miss)
718 http fetch GET 200 https://registry.npmjs.org/fdir/-/fdir-6.5.0.tgz 106ms (cache miss)
719 http fetch GET 200 https://registry.npmjs.org/picomatch/-/picomatch-4.0.7.tgz 111ms (cache miss)
720 http fetch GET 200 https://registry.npmjs.org/tapable/-/tapable-2.3.3.tgz 130ms (cache miss)
721 http fetch GET 200 https://registry.npmjs.org/scheduler/-/scheduler-0.27.0.tgz 181ms (cache miss)
722 http fetch GET 200 https://registry.npmjs.org/postcss/-/postcss-8.5.26.tgz 186ms (cache miss)
723 http fetch POST 200 https://registry.npmjs.org/-/npm/v1/security/advisories/bulk 263ms
724 silly audit report {}
725 http fetch GET 200 https://registry.npmjs.org/@jridgewell/resolve-uri/-/resolve-uri-3.1.2.tgz 276ms (cache miss)
726 http fetch GET 200 https://registry.npmjs.org/@rolldown/pluginutils/-/pluginutils-1.0.1.tgz 276ms (cache miss)
727 http fetch GET 200 https://registry.npmjs.org/@jridgewell/sourcemap-codec/-/sourcemap-codec-1.6.0.tgz 344ms (cache miss)
728 http fetch GET 200 https://registry.npmjs.org/rolldown/-/rolldown-1.2.6.tgz 370ms (cache miss)
729 http fetch GET 200 https://registry.npmjs.org/@tailwindcss/oxide/-/oxide-4.3.3.tgz 570ms (cache miss)
730 http fetch GET 200 https://registry.npmjs.org/detect-libc/-/detect-libc-2.1.2.tgz 773ms (cache miss)
731 http fetch GET 200 https://registry.npmjs.org/@tailwindcss/node/-/node-4.3.3.tgz 782ms (cache miss)
732 http fetch GET 200 https://registry.npmjs.org/source-map-js/-/source-map-js-1.2.1.tgz 790ms (cache miss)
733 http fetch GET 200 https://registry.npmjs.org/@jridgewell/gen-mapping/-/gen-mapping-0.3.13.tgz 1040ms (cache miss)
734 http fetch GET 200 https://registry.npmjs.org/react-router-dom/-/react-router-dom-7.18.3.tgz 1366ms (cache miss)
735 http fetch GET 200 https://registry.npmjs.org/enhanced-resolve/-/enhanced-resolve-5.24.5.tgz 1382ms (cache miss)
736 http fetch GET 200 https://registry.npmjs.org/@jridgewell/remapping/-/remapping-2.3.5.tgz 2306ms (cache miss)
737 http fetch GET 200 https://registry.npmjs.org/@tailwindcss/vite/-/vite-4.3.3.tgz 2349ms (cache miss)
738 http fetch GET 200 https://registry.npmjs.org/@jridgewell/trace-mapping/-/trace-mapping-0.3.31.tgz 2598ms (cache miss)
739 http fetch GET 200 https://registry.npmjs.org/react/-/react-19.2.8.tgz 2660ms (cache miss)
740 http fetch GET 200 https://registry.npmjs.org/magic-string/-/magic-string-0.30.21.tgz 2903ms (cache miss)
741 http fetch GET 200 https://registry.npmjs.org/@vitejs/plugin-react/-/plugin-react-6.1.1.tgz 3792ms (cache miss)
742 http fetch GET 200 https://registry.npmjs.org/lightningcss/-/lightningcss-1.33.0.tgz 4000ms (cache miss)
743 http fetch GET 200 https://registry.npmjs.org/jiti/-/jiti-2.7.0.tgz 4019ms (cache miss)
744 http fetch GET 200 https://registry.npmjs.org/tailwindcss/-/tailwindcss-4.3.3.tgz 4085ms (cache miss)
745 http fetch GET 200 https://registry.npmjs.org/lightningcss/-/lightningcss-1.32.0.tgz 5024ms (cache miss)
746 http fetch GET 200 https://registry.npmjs.org/react-router/-/react-router-7.18.3.tgz 8606ms (cache miss)
747 http fetch GET 200 https://registry.npmjs.org/vite/-/vite-8.2.2.tgz 9704ms (cache miss)
748 http fetch GET 200 https://registry.npmjs.org/lightningcss-win32-x64-msvc/-/lightningcss-win32-x64-msvc-1.33.0.tgz 10725ms (cache miss)
749 http fetch GET 200 https://registry.npmjs.org/lightningcss-win32-x64-msvc/-/lightningcss-win32-x64-msvc-1.32.0.tgz 13590ms (cache miss)
750 http fetch GET 200 https://registry.npmjs.org/react-dom/-/react-dom-19.2.8.tgz 20257ms (cache miss)
751 http fetch GET 200 https://registry.npmjs.org/@rolldown/binding-win32-x64-msvc/-/binding-win32-x64-msvc-1.2.6.tgz 48474ms (cache miss)
752 http fetch GET 200 https://registry.npmjs.org/@tailwindcss/oxide-win32-x64-msvc/-/oxide-win32-x64-msvc-4.3.3.tgz 52062ms (cache miss)
753 silly ADD node_modules/fdir
754 silly ADD node_modules/@rolldown/binding-win32-x64-msvc
755 silly ADD node_modules/@oxc-project/types
756 silly ADD node_modules/picocolors
757 silly ADD node_modules/nanoid
758 silly ADD node_modules/tinyglobby
759 silly ADD node_modules/rolldown
760 silly ADD node_modules/postcss
761 silly ADD node_modules/picomatch
762 silly ADD node_modules/set-cookie-parser
763 silly ADD node_modules/cookie
764 silly ADD node_modules/react-router
765 silly ADD node_modules/scheduler
766 silly ADD node_modules/lightningcss-win32-x64-msvc
767 silly ADD node_modules/detect-libc
768 silly ADD node_modules/tapable
769 silly ADD node_modules/graceful-fs
770 silly ADD node_modules/@rolldown/pluginutils
771 silly ADD node_modules/@tailwindcss/oxide-win32-x64-msvc
772 silly ADD node_modules/@jridgewell/resolve-uri
773 silly ADD node_modules/@jridgewell/sourcemap-codec
774 silly ADD node_modules/@jridgewell/trace-mapping
775 silly ADD node_modules/@jridgewell/gen-mapping
776 silly ADD node_modules/source-map-js
777 silly ADD node_modules/magic-string
778 silly ADD node_modules/lightningcss
779 silly ADD node_modules/jiti
780 silly ADD node_modules/enhanced-resolve
781 silly ADD node_modules/@jridgewell/remapping
782 silly ADD node_modules/@tailwindcss/oxide
783 silly ADD node_modules/@tailwindcss/node
784 silly ADD node_modules/tailwindcss
785 silly ADD node_modules/react-router-dom
786 silly ADD node_modules/react-dom
787 silly ADD node_modules/react
788 silly ADD node_modules/@vitejs/plugin-react
789 silly ADD node_modules/vite
790 silly ADD node_modules/vite/node_modules/lightningcss-win32-x64-msvc
791 silly ADD node_modules/vite/node_modules/lightningcss
792 silly ADD node_modules/@tailwindcss/vite
793 verbose cwd C:\Vanshdeep\OJT sem 3\RESUMETRICS
794 verbose os Windows_NT 10.0.26200
795 verbose node v24.11.1
796 verbose npm  v11.6.2
797 verbose exit 0
798 info ok
