0 verbose cli C:\Program Files\nodejs\node.exe C:\Program Files\nodejs\node_modules\npm\bin\npm-cli.js
1 info using npm@11.6.2
2 info using node@v24.11.1
3 silly config load:file:C:\Program Files\nodejs\node_modules\npm\npmrc
4 silly config load:file:C:\Vanshdeep\OJT sem 3\RESUMETRICS\.npmrc
5 silly config load:file:C:\Users\vansh\.npmrc
6 silly config load:file:C:\Users\vansh\AppData\Roaming\npm\etc\npmrc
7 verbose title npm create vite@latest . --template react
8 verbose argv "create" "vite@latest" "." "--" "--template" "react"
9 verbose logfile logs-max:10 dir:C:\Vanshdeep\OJT sem 3\RESUMETRICS\.npm-cache\_logs\2026-08-31T18_03_33_936Z-
10 verbose logfile C:\Vanshdeep\OJT sem 3\RESUMETRICS\.npm-cache\_logs\2026-08-31T18_03_33_936Z-debug-0.log
11 silly logfile done cleaning log files
12 silly packumentCache heap:4496293888 maxSize:1124073472 maxEntrySize:562036736
13 http fetch GET 200 https://registry.npmjs.org/create-vite 164ms (cache miss)
14 silly packumentCache heap:4496293888 maxSize:1124073472 maxEntrySize:562036736
15 warn exec The following package was not found and will be installed: create-vite@9.2.0
16 silly idealTree buildDeps
17 silly fetch manifest create-vite@9.2.0
18 silly packumentCache full:https://registry.npmjs.org/create-vite cache-miss
19 http fetch GET 200 https://registry.npmjs.org/create-vite 68ms (cache miss)
20 silly packumentCache full:https://registry.npmjs.org/create-vite set size:undefined disposed:false
21 silly placeDep ROOT create-vite@9.2.0 OK for:  want: 9.2.0
22 silly reify moves {}
23 silly audit bulk request { 'create-vite': [ '9.2.0' ] }
24 http cache create-vite@https://registry.npmjs.org/create-vite/-/create-vite-9.2.0.tgz 0ms (cache hit)
25 silly tarball no local data for create-vite@https://registry.npmjs.org/create-vite/-/create-vite-9.2.0.tgz. Extracting by manifest.
26 http fetch GET 200 https://registry.npmjs.org/npm 449ms
27 http fetch POST 200 https://registry.npmjs.org/-/npm/v1/security/advisories/bulk 375ms
28 silly audit report {}
29 http fetch GET 200 https://registry.npmjs.org/create-vite/-/create-vite-9.2.0.tgz 662ms (cache miss)
30 verbose cwd C:\Vanshdeep\OJT sem 3\RESUMETRICS
31 verbose os Windows_NT 10.0.26200
32 verbose node v24.11.1
33 verbose npm  v11.6.2
34 notice
34 notice New minor version of npm available! 11.6.2 -> 11.19.1
34 notice Changelog: https://github.com/npm/cli/releases/tag/v11.19.1
34 notice To update run: npm install -g npm@11.19.1
34 notice  { force: true, Symbol(proc-log.meta): true }
35 verbose exit 0
36 info ok
