0 verbose cli C:\Program Files\nodejs\node.exe C:\Program Files\nodejs\node_modules\npm\bin\npm-cli.js
1 info using npm@11.6.2
2 info using node@v24.11.1
3 silly config load:file:C:\Program Files\nodejs\node_modules\npm\npmrc
4 silly config load:file:C:\Vanshdeep\OJT sem 3\RESUMETRICS\.npmrc
5 silly config load:file:C:\Users\vansh\.npmrc
6 silly config load:file:C:\Users\vansh\AppData\Roaming\npm\etc\npmrc
7 verbose title npm install
8 verbose argv "install" "--no-audit" "--no-fund"
9 verbose logfile logs-max:10 dir:C:\Vanshdeep\OJT sem 3\RESUMETRICS\.npm-cache\_logs\2026-08-31T18_09_19_415Z-
10 verbose logfile C:\Vanshdeep\OJT sem 3\RESUMETRICS\.npm-cache\_logs\2026-08-31T18_09_19_415Z-debug-0.log
11 silly logfile done cleaning log files
12 silly packumentCache heap:4496293888 maxSize:1124073472 maxEntrySize:562036736
13 silly idealTree buildDeps
14 silly fetch manifest @vitejs/plugin-react@latest
15 silly packumentCache full:https://registry.npmjs.org/@vitejs%2fplugin-react cache-miss
16 http cache https://registry.npmjs.org/@vitejs%2fplugin-react 12ms (cache hit)
17 silly packumentCache full:https://registry.npmjs.org/@vitejs%2fplugin-react set size:284195 disposed:false
18 silly fetch manifest @rolldown/plugin-babel@^0.1.7 || ^0.2.0
19 silly packumentCache full:https://registry.npmjs.org/@rolldown%2fplugin-babel cache-miss
20 http cache https://registry.npmjs.org/@rolldown%2fplugin-babel 9ms (cache hit)
21 silly packumentCache full:https://registry.npmjs.org/@rolldown%2fplugin-babel set size:42135 disposed:false
22 silly fetch manifest @babel/core@^7.29.0 || ^8.0.0-rc.1
23 silly packumentCache full:https://registry.npmjs.org/@babel%2fcore cache-miss
24 http cache https://registry.npmjs.org/@babel%2fcore 6ms (cache hit)
25 silly packumentCache full:https://registry.npmjs.org/@babel%2fcore set size:788273 disposed:false
26 silly fetch manifest @babel/plugin-transform-runtime@^7.29.0 || ^8.0.0-rc.1
27 silly packumentCache full:https://registry.npmjs.org/@babel%2fplugin-transform-runtime cache-miss
28 http cache https://registry.npmjs.org/@babel%2fplugin-transform-runtime 7ms (cache hit)
29 silly packumentCache full:https://registry.npmjs.org/@babel%2fplugin-transform-runtime set size:468058 disposed:false
30 silly fetch manifest @babel/runtime@^7.27.0 || ^8.0.0-rc.1
31 silly packumentCache full:https://registry.npmjs.org/@babel%2fruntime cache-miss
32 http cache https://registry.npmjs.org/@babel%2fruntime 10ms (cache hit)
33 silly packumentCache full:https://registry.npmjs.org/@babel%2fruntime set size:3471810 disposed:false
34 silly fetch manifest rolldown@^1.0.0-rc.5
35 silly packumentCache full:https://registry.npmjs.org/rolldown cache-miss
36 http cache https://registry.npmjs.org/rolldown 15ms (cache hit)
37 silly packumentCache full:https://registry.npmjs.org/rolldown set size:3801673 disposed:false
38 silly fetch manifest vite@latest
39 silly packumentCache full:https://registry.npmjs.org/vite cache-miss
40 http cache https://registry.npmjs.org/vite 56ms (cache hit)
41 silly packumentCache full:https://registry.npmjs.org/vite set size:38929639 disposed:false
42 silly fetch manifest @types/node@^20.19.0 || >=22.12.0
43 silly packumentCache full:https://registry.npmjs.org/@types%2fnode cache-miss
44 http cache https://registry.npmjs.org/@types%2fnode 93ms (cache hit)
45 silly packumentCache full:https://registry.npmjs.org/@types%2fnode set size:11096266 disposed:false
46 silly fetch manifest @vitejs/devtools@^0.4.0 || ^0.5.0
47 silly packumentCache full:https://registry.npmjs.org/@vitejs%2fdevtools cache-miss
48 http cache https://registry.npmjs.org/@vitejs%2fdevtools 7ms (cache hit)
49 silly packumentCache full:https://registry.npmjs.org/@vitejs%2fdevtools set size:301452 disposed:false
50 silly fetch manifest @vitejs/devtools-oxc@^0.5.2
51 silly packumentCache full:https://registry.npmjs.org/@vitejs%2fdevtools-oxc cache-miss
52 http cache https://registry.npmjs.org/@vitejs%2fdevtools-oxc 5ms (cache hit)
53 silly packumentCache full:https://registry.npmjs.org/@vitejs%2fdevtools-oxc set size:56582 disposed:false
54 silly fetch manifest @vitejs/devtools-rolldown@^0.5.2
55 silly packumentCache full:https://registry.npmjs.org/@vitejs%2fdevtools-rolldown cache-miss
56 http cache https://registry.npmjs.org/@vitejs%2fdevtools-rolldown 5ms (cache hit)
57 silly packumentCache full:https://registry.npmjs.org/@vitejs%2fdevtools-rolldown set size:214860 disposed:false
58 silly fetch manifest @vitejs/devtools-vite@^0.5.2
59 silly packumentCache full:https://registry.npmjs.org/@vitejs%2fdevtools-vite cache-miss
60 http cache https://registry.npmjs.org/@vitejs%2fdevtools-vite 4ms (cache hit)
61 silly packumentCache full:https://registry.npmjs.org/@vitejs%2fdevtools-vite set size:143877 disposed:false
62 silly fetch manifest @vitejs/devtools-vitest@^0.5.2
63 silly packumentCache full:https://registry.npmjs.org/@vitejs%2fdevtools-vitest cache-miss
64 http cache https://registry.npmjs.org/@vitejs%2fdevtools-vitest 4ms (cache hit)
65 silly packumentCache full:https://registry.npmjs.org/@vitejs%2fdevtools-vitest set size:40045 disposed:false
66 silly fetch manifest vitest@*
67 silly packumentCache full:https://registry.npmjs.org/vitest cache-miss
68 http cache https://registry.npmjs.org/vitest 7ms (cache hit)
69 silly packumentCache full:https://registry.npmjs.org/vitest set size:2252533 disposed:false
70 silly fetch manifest @edge-runtime/vm@*
71 silly packumentCache full:https://registry.npmjs.org/@edge-runtime%2fvm cache-miss
72 http cache https://registry.npmjs.org/@edge-runtime%2fvm 5ms (cache hit)
73 silly packumentCache full:https://registry.npmjs.org/@edge-runtime%2fvm set size:269934 disposed:false
74 silly fetch manifest @opentelemetry/api@^1.9.0
75 silly packumentCache full:https://registry.npmjs.org/@opentelemetry%2fapi cache-miss
76 http cache https://registry.npmjs.org/@opentelemetry%2fapi 4ms (cache hit)
77 silly packumentCache full:https://registry.npmjs.org/@opentelemetry%2fapi set size:272967 disposed:false
78 silly fetch manifest @vitest/browser-playwright@4.1.11
79 silly packumentCache full:https://registry.npmjs.org/@vitest%2fbrowser-playwright cache-miss
80 http cache https://registry.npmjs.org/@vitest%2fbrowser-playwright 4ms (cache hit)
81 silly packumentCache full:https://registry.npmjs.org/@vitest%2fbrowser-playwright set size:151058 disposed:false
82 silly fetch manifest playwright@*
83 silly packumentCache full:https://registry.npmjs.org/playwright cache-miss
84 http cache https://registry.npmjs.org/playwright 26ms (cache hit)
85 silly packumentCache full:https://registry.npmjs.org/playwright set size:16683466 disposed:false
86 silly fetch manifest @vitest/browser-preview@4.1.11
87 silly packumentCache full:https://registry.npmjs.org/@vitest%2fbrowser-preview cache-miss
88 http cache https://registry.npmjs.org/@vitest%2fbrowser-preview 17ms (cache hit)
89 silly packumentCache full:https://registry.npmjs.org/@vitest%2fbrowser-preview set size:144828 disposed:false
90 silly fetch manifest @vitest/browser-webdriverio@4.1.11
91 silly packumentCache full:https://registry.npmjs.org/@vitest%2fbrowser-webdriverio cache-miss
92 http cache https://registry.npmjs.org/@vitest%2fbrowser-webdriverio 4ms (cache hit)
93 silly packumentCache full:https://registry.npmjs.org/@vitest%2fbrowser-webdriverio set size:140979 disposed:false
94 silly fetch manifest webdriverio@*
95 silly packumentCache full:https://registry.npmjs.org/webdriverio cache-miss
96 http cache https://registry.npmjs.org/webdriverio 9ms (cache hit)
97 silly packumentCache full:https://registry.npmjs.org/webdriverio set size:3166662 disposed:false
98 silly fetch manifest puppeteer-core@>=22.x <=24.x
99 silly packumentCache full:https://registry.npmjs.org/puppeteer-core cache-miss
100 http cache https://registry.npmjs.org/puppeteer-core 69ms (cache hit)
101 silly packumentCache full:https://registry.npmjs.org/puppeteer-core set size:1576304 disposed:false
102 silly fetch manifest @vitest/coverage-istanbul@4.1.11
103 silly packumentCache full:https://registry.npmjs.org/@vitest%2fcoverage-istanbul cache-miss
104 http cache https://registry.npmjs.org/@vitest%2fcoverage-istanbul 6ms (cache hit)
105 silly packumentCache full:https://registry.npmjs.org/@vitest%2fcoverage-istanbul set size:706429 disposed:false
106 silly fetch manifest @vitest/coverage-v8@4.1.11
107 silly packumentCache full:https://registry.npmjs.org/@vitest%2fcoverage-v8 cache-miss
108 http cache https://registry.npmjs.org/@vitest%2fcoverage-v8 6ms (cache hit)
109 silly packumentCache full:https://registry.npmjs.org/@vitest%2fcoverage-v8 set size:542743 disposed:false
110 silly fetch manifest @vitest/browser@4.1.11
111 silly packumentCache full:https://registry.npmjs.org/@vitest%2fbrowser cache-miss
112 http cache https://registry.npmjs.org/@vitest%2fbrowser 5ms (cache hit)
113 silly packumentCache full:https://registry.npmjs.org/@vitest%2fbrowser set size:804518 disposed:false
114 silly fetch manifest @vitest/ui@4.1.11
115 silly packumentCache full:https://registry.npmjs.org/@vitest%2fui cache-miss
116 http cache https://registry.npmjs.org/@vitest%2fui 6ms (cache hit)
117 silly packumentCache full:https://registry.npmjs.org/@vitest%2fui set size:1292367 disposed:false
118 silly fetch manifest happy-dom@*
119 silly packumentCache full:https://registry.npmjs.org/happy-dom cache-miss
120 http cache https://registry.npmjs.org/happy-dom 8ms (cache hit)
121 silly packumentCache full:https://registry.npmjs.org/happy-dom set size:2520104 disposed:false
122 silly fetch manifest jsdom@*
123 silly packumentCache full:https://registry.npmjs.org/jsdom cache-miss
124 http cache https://registry.npmjs.org/jsdom 8ms (cache hit)
125 silly packumentCache full:https://registry.npmjs.org/jsdom set size:1074418 disposed:false
126 silly fetch manifest canvas@^3.0.0
127 silly packumentCache full:https://registry.npmjs.org/canvas cache-miss
128 http cache https://registry.npmjs.org/canvas 4ms (cache hit)
129 silly packumentCache full:https://registry.npmjs.org/canvas set size:353371 disposed:false
130 silly fetch manifest esbuild@^0.27.0 || ^0.28.0
131 silly packumentCache full:https://registry.npmjs.org/esbuild cache-miss
132 http cache https://registry.npmjs.org/esbuild 7ms (cache hit)
133 silly packumentCache full:https://registry.npmjs.org/esbuild set size:1264676 disposed:false
134 silly fetch manifest jiti@>=1.21.0
135 silly packumentCache full:https://registry.npmjs.org/jiti cache-miss
136 http cache https://registry.npmjs.org/jiti 4ms (cache hit)
137 silly packumentCache full:https://registry.npmjs.org/jiti set size:387989 disposed:false
138 silly fetch manifest less@^4.0.0
139 silly packumentCache full:https://registry.npmjs.org/less cache-miss
140 http cache https://registry.npmjs.org/less 5ms (cache hit)
141 silly packumentCache full:https://registry.npmjs.org/less set size:500352 disposed:false
142 silly fetch manifest sass@^1.70.0
143 silly packumentCache full:https://registry.npmjs.org/sass cache-miss
144 http cache https://registry.npmjs.org/sass 5ms (cache hit)
145 silly packumentCache full:https://registry.npmjs.org/sass set size:747752 disposed:false
146 silly fetch manifest sass-embedded@^1.70.0
147 silly packumentCache full:https://registry.npmjs.org/sass-embedded cache-miss
148 http cache https://registry.npmjs.org/sass-embedded 5ms (cache hit)
149 silly packumentCache full:https://registry.npmjs.org/sass-embedded set size:428375 disposed:false
150 silly fetch manifest stylus@>=0.54.8
151 silly packumentCache full:https://registry.npmjs.org/stylus cache-miss
152 http cache https://registry.npmjs.org/stylus 4ms (cache hit)
153 silly packumentCache full:https://registry.npmjs.org/stylus set size:286766 disposed:false
154 silly fetch manifest sugarss@^5.0.0
155 silly packumentCache full:https://registry.npmjs.org/sugarss cache-miss
156 http cache https://registry.npmjs.org/sugarss 4ms (cache hit)
157 silly packumentCache full:https://registry.npmjs.org/sugarss set size:44975 disposed:false
158 silly fetch manifest postcss@^8.3.3
159 silly packumentCache full:https://registry.npmjs.org/postcss cache-miss
160 http cache https://registry.npmjs.org/postcss 5ms (cache hit)
161 silly packumentCache full:https://registry.npmjs.org/postcss set size:760024 disposed:false
162 silly fetch manifest terser@^5.16.0
163 silly packumentCache full:https://registry.npmjs.org/terser cache-miss
164 http cache https://registry.npmjs.org/terser 5ms (cache hit)
165 silly packumentCache full:https://registry.npmjs.org/terser set size:827672 disposed:false
166 silly fetch manifest tsx@^4.8.1
167 silly packumentCache full:https://registry.npmjs.org/tsx cache-miss
168 http cache https://registry.npmjs.org/tsx 5ms (cache hit)
169 silly packumentCache full:https://registry.npmjs.org/tsx set size:344351 disposed:false
170 silly fetch manifest yaml@^2.4.2
171 silly packumentCache full:https://registry.npmjs.org/yaml cache-miss
172 http cache https://registry.npmjs.org/yaml 5ms (cache hit)
173 silly packumentCache full:https://registry.npmjs.org/yaml set size:385754 disposed:false
174 silly fetch manifest babel-plugin-react-compiler@^1.0.0
175 silly packumentCache full:https://registry.npmjs.org/babel-plugin-react-compiler cache-miss
176 http cache https://registry.npmjs.org/babel-plugin-react-compiler 7ms (cache hit)
177 silly packumentCache full:https://registry.npmjs.org/babel-plugin-react-compiler set size:1356999 disposed:false
178 silly fetch manifest oxc-transform-react@^0.145.0
179 silly packumentCache full:https://registry.npmjs.org/oxc-transform-react cache-miss
180 http cache https://registry.npmjs.org/oxc-transform-react 4ms (cache hit)
181 silly packumentCache full:https://registry.npmjs.org/oxc-transform-react set size:38670 disposed:false
182 silly fetch manifest react@latest
183 silly packumentCache full:https://registry.npmjs.org/react cache-miss
184 http cache https://registry.npmjs.org/react 12ms (cache hit)
185 silly packumentCache full:https://registry.npmjs.org/react set size:6931815 disposed:false
186 silly fetch manifest react-dom@latest
187 silly packumentCache full:https://registry.npmjs.org/react-dom cache-miss
188 http cache https://registry.npmjs.org/react-dom 16ms (cache hit)
189 silly packumentCache full:https://registry.npmjs.org/react-dom set size:9321468 disposed:false
190 silly fetch manifest react-router-dom@latest
191 silly packumentCache full:https://registry.npmjs.org/react-router-dom cache-miss
192 http cache https://registry.npmjs.org/react-router-dom 37ms (cache hit)
193 silly packumentCache full:https://registry.npmjs.org/react-router-dom set size:2899056 disposed:false
194 silly fetch manifest tailwindcss@latest
195 silly packumentCache full:https://registry.npmjs.org/tailwindcss cache-miss
196 http cache https://registry.npmjs.org/tailwindcss 18ms (cache hit)
197 silly packumentCache full:https://registry.npmjs.org/tailwindcss set size:10875803 disposed:false
198 silly fetch manifest @tailwindcss/vite@latest
199 silly packumentCache full:https://registry.npmjs.org/@tailwindcss%2fvite cache-miss
200 http cache https://registry.npmjs.org/@tailwindcss%2fvite 15ms (cache hit)
201 silly packumentCache full:https://registry.npmjs.org/@tailwindcss%2fvite set size:2311855 disposed:false
202 silly placeDep ROOT @tailwindcss/vite@4.3.3 REPLACE for: resumetrics@0.0.0 want: latest
203 silly placeDep ROOT @vitejs/plugin-react@6.1.1 REPLACE for: resumetrics@0.0.0 want: latest
204 silly placeDep ROOT react@19.2.8 REPLACE for: resumetrics@0.0.0 want: latest
205 silly placeDep ROOT react-dom@19.2.8 REPLACE for: resumetrics@0.0.0 want: latest
206 silly placeDep ROOT react-router-dom@7.18.3 REPLACE for: resumetrics@0.0.0 want: latest
207 silly placeDep ROOT tailwindcss@4.3.3 REPLACE for: resumetrics@0.0.0 want: latest
208 silly placeDep ROOT vite@8.2.2 REPLACE for: resumetrics@0.0.0 want: latest
209 silly fetch manifest fsevents@~2.3.3
210 silly packumentCache full:https://registry.npmjs.org/fsevents cache-miss
211 http cache https://registry.npmjs.org/fsevents 6ms (cache hit)
212 silly packumentCache full:https://registry.npmjs.org/fsevents set size:182472 disposed:false
213 silly fetch manifest @tailwindcss/oxide-darwin-arm64@4.3.3
214 silly packumentCache full:https://registry.npmjs.org/@tailwindcss%2foxide-darwin-arm64 cache-miss
215 http cache https://registry.npmjs.org/@tailwindcss%2foxide-darwin-arm64 10ms (cache hit)
216 silly packumentCache full:https://registry.npmjs.org/@tailwindcss%2foxide-darwin-arm64 set size:3016023 disposed:false
217 silly fetch manifest @tailwindcss/oxide-linux-arm64-musl@4.3.3
218 silly packumentCache full:https://registry.npmjs.org/@tailwindcss%2foxide-linux-arm64-musl cache-miss
219 http cache https://registry.npmjs.org/@tailwindcss%2foxide-linux-arm64-musl 8ms (cache hit)
220 silly packumentCache full:https://registry.npmjs.org/@tailwindcss%2foxide-linux-arm64-musl set size:3080278 disposed:false
221 silly fetch manifest @tailwindcss/oxide-linux-arm64-gnu@4.3.3
222 silly packumentCache full:https://registry.npmjs.org/@tailwindcss%2foxide-linux-arm64-gnu cache-miss
223 http cache https://registry.npmjs.org/@tailwindcss%2foxide-linux-arm64-gnu 8ms (cache hit)
224 silly packumentCache full:https://registry.npmjs.org/@tailwindcss%2foxide-linux-arm64-gnu set size:3068728 disposed:false
225 silly fetch manifest @tailwindcss/oxide-linux-x64-musl@4.3.3
226 silly packumentCache full:https://registry.npmjs.org/@tailwindcss%2foxide-linux-x64-musl cache-miss
227 http cache https://registry.npmjs.org/@tailwindcss%2foxide-linux-x64-musl 9ms (cache hit)
228 silly packumentCache full:https://registry.npmjs.org/@tailwindcss%2foxide-linux-x64-musl set size:3050621 disposed:false
229 silly fetch manifest @tailwindcss/oxide-linux-x64-gnu@4.3.3
230 silly packumentCache full:https://registry.npmjs.org/@tailwindcss%2foxide-linux-x64-gnu cache-miss
231 http cache https://registry.npmjs.org/@tailwindcss%2foxide-linux-x64-gnu 9ms (cache hit)
232 silly packumentCache full:https://registry.npmjs.org/@tailwindcss%2foxide-linux-x64-gnu set size:3041324 disposed:false
233 silly fetch manifest @tailwindcss/oxide-wasm32-wasi@4.3.3
234 silly packumentCache full:https://registry.npmjs.org/@tailwindcss%2foxide-wasm32-wasi cache-miss
235 http cache https://registry.npmjs.org/@tailwindcss%2foxide-wasm32-wasi 6ms (cache hit)
236 silly packumentCache full:https://registry.npmjs.org/@tailwindcss%2foxide-wasm32-wasi set size:1595372 disposed:false
237 silly fetch manifest @tailwindcss/oxide-freebsd-x64@4.3.3
238 silly packumentCache full:https://registry.npmjs.org/@tailwindcss%2foxide-freebsd-x64 cache-miss
239 http cache https://registry.npmjs.org/@tailwindcss%2foxide-freebsd-x64 8ms (cache hit)
240 silly packumentCache full:https://registry.npmjs.org/@tailwindcss%2foxide-freebsd-x64 set size:2994910 disposed:false
241 silly fetch manifest @tailwindcss/oxide-win32-arm64-msvc@4.3.3
242 silly packumentCache full:https://registry.npmjs.org/@tailwindcss%2foxide-win32-arm64-msvc cache-miss
243 http cache https://registry.npmjs.org/@tailwindcss%2foxide-win32-arm64-msvc 8ms (cache hit)
244 silly packumentCache full:https://registry.npmjs.org/@tailwindcss%2foxide-win32-arm64-msvc set size:2134385 disposed:false
245 silly fetch manifest @tailwindcss/oxide-linux-arm-gnueabihf@4.3.3
246 silly packumentCache full:https://registry.npmjs.org/@tailwindcss%2foxide-linux-arm-gnueabihf cache-miss
247 http cache https://registry.npmjs.org/@tailwindcss%2foxide-linux-arm-gnueabihf 9ms (cache hit)
248 silly packumentCache full:https://registry.npmjs.org/@tailwindcss%2foxide-linux-arm-gnueabihf set size:3094985 disposed:false
249 silly fetch manifest @tailwindcss/oxide-darwin-x64@4.3.3
250 silly packumentCache full:https://registry.npmjs.org/@tailwindcss%2foxide-darwin-x64 cache-miss
251 http cache https://registry.npmjs.org/@tailwindcss%2foxide-darwin-x64 8ms (cache hit)
252 silly packumentCache full:https://registry.npmjs.org/@tailwindcss%2foxide-darwin-x64 set size:2979727 disposed:false
253 silly fetch manifest @tailwindcss/oxide-android-arm64@4.3.3
254 silly packumentCache full:https://registry.npmjs.org/@tailwindcss%2foxide-android-arm64 cache-miss
255 http cache https://registry.npmjs.org/@tailwindcss%2foxide-android-arm64 8ms (cache hit)
256 silly packumentCache full:https://registry.npmjs.org/@tailwindcss%2foxide-android-arm64 set size:2157121 disposed:false
257 silly placeDep ROOT @tailwindcss/oxide-android-arm64@4.3.3 OK for: @tailwindcss/oxide@4.3.3 want: 4.3.3
258 silly placeDep ROOT @tailwindcss/oxide-darwin-arm64@4.3.3 OK for: @tailwindcss/oxide@4.3.3 want: 4.3.3
259 silly placeDep ROOT @tailwindcss/oxide-darwin-x64@4.3.3 OK for: @tailwindcss/oxide@4.3.3 want: 4.3.3
260 silly placeDep ROOT @tailwindcss/oxide-freebsd-x64@4.3.3 OK for: @tailwindcss/oxide@4.3.3 want: 4.3.3
261 silly placeDep ROOT @tailwindcss/oxide-linux-arm-gnueabihf@4.3.3 OK for: @tailwindcss/oxide@4.3.3 want: 4.3.3
262 silly placeDep ROOT @tailwindcss/oxide-linux-arm64-gnu@4.3.3 OK for: @tailwindcss/oxide@4.3.3 want: 4.3.3
263 silly placeDep ROOT @tailwindcss/oxide-linux-arm64-musl@4.3.3 OK for: @tailwindcss/oxide@4.3.3 want: 4.3.3
264 silly placeDep ROOT @tailwindcss/oxide-linux-x64-gnu@4.3.3 OK for: @tailwindcss/oxide@4.3.3 want: 4.3.3
265 silly placeDep ROOT @tailwindcss/oxide-linux-x64-musl@4.3.3 OK for: @tailwindcss/oxide@4.3.3 want: 4.3.3
266 silly placeDep ROOT @tailwindcss/oxide-wasm32-wasi@4.3.3 OK for: @tailwindcss/oxide@4.3.3 want: 4.3.3
267 silly placeDep ROOT @tailwindcss/oxide-win32-arm64-msvc@4.3.3 OK for: @tailwindcss/oxide@4.3.3 want: 4.3.3
268 silly fetch manifest lightningcss-darwin-x64@1.32.0
269 silly packumentCache full:https://registry.npmjs.org/lightningcss-darwin-x64 cache-miss
270 http cache https://registry.npmjs.org/lightningcss-darwin-x64 82ms (cache hit)
271 silly packumentCache full:https://registry.npmjs.org/lightningcss-darwin-x64 set size:80374 disposed:false
272 silly fetch manifest lightningcss-linux-x64-gnu@1.32.0
273 silly packumentCache full:https://registry.npmjs.org/lightningcss-linux-x64-gnu cache-miss
274 http cache https://registry.npmjs.org/lightningcss-linux-x64-gnu 4ms (cache hit)
275 silly packumentCache full:https://registry.npmjs.org/lightningcss-linux-x64-gnu set size:81819 disposed:false
276 silly fetch manifest lightningcss-win32-arm64-msvc@1.32.0
277 silly packumentCache full:https://registry.npmjs.org/lightningcss-win32-arm64-msvc cache-miss
278 http cache https://registry.npmjs.org/lightningcss-win32-arm64-msvc 3ms (cache hit)
279 silly packumentCache full:https://registry.npmjs.org/lightningcss-win32-arm64-msvc set size:28346 disposed:false
280 silly fetch manifest lightningcss-darwin-arm64@1.32.0
281 silly packumentCache full:https://registry.npmjs.org/lightningcss-darwin-arm64 cache-miss
282 http cache https://registry.npmjs.org/lightningcss-darwin-arm64 4ms (cache hit)
283 silly packumentCache full:https://registry.npmjs.org/lightningcss-darwin-arm64 set size:80970 disposed:false
284 silly fetch manifest lightningcss-linux-arm64-gnu@1.32.0
285 silly packumentCache full:https://registry.npmjs.org/lightningcss-linux-arm64-gnu cache-miss
286 http cache https://registry.npmjs.org/lightningcss-linux-arm64-gnu 4ms (cache hit)
287 silly packumentCache full:https://registry.npmjs.org/lightningcss-linux-arm64-gnu set size:82397 disposed:false
288 silly fetch manifest lightningcss-linux-arm-gnueabihf@1.32.0
289 silly packumentCache full:https://registry.npmjs.org/lightningcss-linux-arm-gnueabihf cache-miss
290 http cache https://registry.npmjs.org/lightningcss-linux-arm-gnueabihf 3ms (cache hit)
291 silly packumentCache full:https://registry.npmjs.org/lightningcss-linux-arm-gnueabihf set size:82635 disposed:false
292 silly fetch manifest lightningcss-linux-arm64-musl@1.32.0
293 silly packumentCache full:https://registry.npmjs.org/lightningcss-linux-arm64-musl cache-miss
294 http cache https://registry.npmjs.org/lightningcss-linux-arm64-musl 4ms (cache hit)
295 silly packumentCache full:https://registry.npmjs.org/lightningcss-linux-arm64-musl set size:82617 disposed:false
296 silly fetch manifest lightningcss-linux-x64-musl@1.32.0
297 silly packumentCache full:https://registry.npmjs.org/lightningcss-linux-x64-musl cache-miss
298 http cache https://registry.npmjs.org/lightningcss-linux-x64-musl 4ms (cache hit)
299 silly packumentCache full:https://registry.npmjs.org/lightningcss-linux-x64-musl set size:82032 disposed:false
300 silly fetch manifest lightningcss-freebsd-x64@1.32.0
301 silly packumentCache full:https://registry.npmjs.org/lightningcss-freebsd-x64 cache-miss
302 http cache https://registry.npmjs.org/lightningcss-freebsd-x64 4ms (cache hit)
303 silly packumentCache full:https://registry.npmjs.org/lightningcss-freebsd-x64 set size:44564 disposed:false
304 silly fetch manifest lightningcss-android-arm64@1.32.0
305 silly packumentCache full:https://registry.npmjs.org/lightningcss-android-arm64 cache-miss
306 http cache https://registry.npmjs.org/lightningcss-android-arm64 4ms (cache hit)
307 silly packumentCache full:https://registry.npmjs.org/lightningcss-android-arm64 set size:9371 disposed:false
308 silly placeDep ROOT lightningcss-android-arm64@1.32.0 OK for: lightningcss@1.32.0 want: 1.32.0
309 silly placeDep ROOT lightningcss-darwin-arm64@1.32.0 OK for: lightningcss@1.32.0 want: 1.32.0
310 silly placeDep ROOT lightningcss-darwin-x64@1.32.0 OK for: lightningcss@1.32.0 want: 1.32.0
311 silly placeDep ROOT lightningcss-freebsd-x64@1.32.0 OK for: lightningcss@1.32.0 want: 1.32.0
312 silly placeDep ROOT lightningcss-linux-arm-gnueabihf@1.32.0 OK for: lightningcss@1.32.0 want: 1.32.0
313 silly placeDep ROOT lightningcss-linux-arm64-gnu@1.32.0 OK for: lightningcss@1.32.0 want: 1.32.0
314 silly placeDep ROOT lightningcss-linux-arm64-musl@1.32.0 OK for: lightningcss@1.32.0 want: 1.32.0
315 silly placeDep ROOT lightningcss-linux-x64-gnu@1.32.0 OK for: lightningcss@1.32.0 want: 1.32.0
316 silly placeDep ROOT lightningcss-linux-x64-musl@1.32.0 OK for: lightningcss@1.32.0 want: 1.32.0
317 silly placeDep ROOT lightningcss-win32-arm64-msvc@1.32.0 OK for: lightningcss@1.32.0 want: 1.32.0
318 silly fetch manifest @rolldown/binding-darwin-arm64@1.2.6
319 silly packumentCache full:https://registry.npmjs.org/@rolldown%2fbinding-darwin-arm64 cache-miss
320 http cache https://registry.npmjs.org/@rolldown%2fbinding-darwin-arm64 6ms (cache hit)
321 silly packumentCache full:https://registry.npmjs.org/@rolldown%2fbinding-darwin-arm64 set size:1403297 disposed:false
322 silly fetch manifest @rolldown/binding-android-arm64@1.2.6
323 silly packumentCache full:https://registry.npmjs.org/@rolldown%2fbinding-android-arm64 cache-miss
324 http cache https://registry.npmjs.org/@rolldown%2fbinding-android-arm64 5ms (cache hit)
325 silly packumentCache full:https://registry.npmjs.org/@rolldown%2fbinding-android-arm64 set size:177845 disposed:false
326 silly fetch manifest @rolldown/binding-win32-arm64-msvc@1.2.6
327 silly packumentCache full:https://registry.npmjs.org/@rolldown%2fbinding-win32-arm64-msvc cache-miss
328 http cache https://registry.npmjs.org/@rolldown%2fbinding-win32-arm64-msvc 5ms (cache hit)
329 silly packumentCache full:https://registry.npmjs.org/@rolldown%2fbinding-win32-arm64-msvc set size:1423920 disposed:false
330 silly fetch manifest @rolldown/binding-linux-arm64-gnu@1.2.6
331 silly packumentCache full:https://registry.npmjs.org/@rolldown%2fbinding-linux-arm64-gnu cache-miss
332 http cache https://registry.npmjs.org/@rolldown%2fbinding-linux-arm64-gnu 7ms (cache hit)
333 silly packumentCache full:https://registry.npmjs.org/@rolldown%2fbinding-linux-arm64-gnu set size:1428983 disposed:false
334 silly fetch manifest @rolldown/binding-linux-arm64-musl@1.2.6
335 silly packumentCache full:https://registry.npmjs.org/@rolldown%2fbinding-linux-arm64-musl cache-miss
336 http cache https://registry.npmjs.org/@rolldown%2fbinding-linux-arm64-musl 6ms (cache hit)
337 silly packumentCache full:https://registry.npmjs.org/@rolldown%2fbinding-linux-arm64-musl set size:1433652 disposed:false
338 silly fetch manifest @rolldown/binding-openharmony-arm64@1.2.6
339 silly packumentCache full:https://registry.npmjs.org/@rolldown%2fbinding-openharmony-arm64 cache-miss
340 http cache https://registry.npmjs.org/@rolldown%2fbinding-openharmony-arm64 5ms (cache hit)
341 silly packumentCache full:https://registry.npmjs.org/@rolldown%2fbinding-openharmony-arm64 set size:139947 disposed:false
342 silly fetch manifest @rolldown/binding-android-arm-eabi@1.2.6
343 silly packumentCache full:https://registry.npmjs.org/@rolldown%2fbinding-android-arm-eabi cache-miss
344 http cache https://registry.npmjs.org/@rolldown%2fbinding-android-arm-eabi 4ms (cache hit)
345 silly packumentCache full:https://registry.npmjs.org/@rolldown%2fbinding-android-arm-eabi set size:13866 disposed:false
346 silly fetch manifest @rolldown/binding-linux-arm-gnueabihf@1.2.6
347 silly packumentCache full:https://registry.npmjs.org/@rolldown%2fbinding-linux-arm-gnueabihf cache-miss
348 http cache https://registry.npmjs.org/@rolldown%2fbinding-linux-arm-gnueabihf 5ms (cache hit)
349 silly packumentCache full:https://registry.npmjs.org/@rolldown%2fbinding-linux-arm-gnueabihf set size:1438601 disposed:false
350 silly fetch manifest @rolldown/binding-linux-ppc64-gnu@1.2.6
351 silly packumentCache full:https://registry.npmjs.org/@rolldown%2fbinding-linux-ppc64-gnu cache-miss
352 http cache https://registry.npmjs.org/@rolldown%2fbinding-linux-ppc64-gnu 5ms (cache hit)
353 silly packumentCache full:https://registry.npmjs.org/@rolldown%2fbinding-linux-ppc64-gnu set size:65570 disposed:false
354 silly fetch manifest @rolldown/binding-linux-s390x-gnu@1.2.6
355 silly packumentCache full:https://registry.npmjs.org/@rolldown%2fbinding-linux-s390x-gnu cache-miss
356 http cache https://registry.npmjs.org/@rolldown%2fbinding-linux-s390x-gnu 4ms (cache hit)
357 silly packumentCache full:https://registry.npmjs.org/@rolldown%2fbinding-linux-s390x-gnu set size:65567 disposed:false
358 silly fetch manifest @rolldown/binding-darwin-x64@1.2.6
359 silly packumentCache full:https://registry.npmjs.org/@rolldown%2fbinding-darwin-x64 cache-miss
360 http cache https://registry.npmjs.org/@rolldown%2fbinding-darwin-x64 5ms (cache hit)
361 silly packumentCache full:https://registry.npmjs.org/@rolldown%2fbinding-darwin-x64 set size:1391472 disposed:false
362 silly fetch manifest @rolldown/binding-freebsd-x64@1.2.6
363 silly packumentCache full:https://registry.npmjs.org/@rolldown%2fbinding-freebsd-x64 cache-miss
364 http cache https://registry.npmjs.org/@rolldown%2fbinding-freebsd-x64 7ms (cache hit)
365 silly packumentCache full:https://registry.npmjs.org/@rolldown%2fbinding-freebsd-x64 set size:1071221 disposed:false
366 silly fetch manifest @rolldown/binding-linux-x64-gnu@1.2.6
367 silly packumentCache full:https://registry.npmjs.org/@rolldown%2fbinding-linux-x64-gnu cache-miss
368 http cache https://registry.npmjs.org/@rolldown%2fbinding-linux-x64-gnu 6ms (cache hit)
369 silly packumentCache full:https://registry.npmjs.org/@rolldown%2fbinding-linux-x64-gnu set size:1417124 disposed:false
370 silly fetch manifest @rolldown/binding-linux-x64-musl@1.2.6
371 silly packumentCache full:https://registry.npmjs.org/@rolldown%2fbinding-linux-x64-musl cache-miss
372 http cache https://registry.npmjs.org/@rolldown%2fbinding-linux-x64-musl 6ms (cache hit)
373 silly packumentCache full:https://registry.npmjs.org/@rolldown%2fbinding-linux-x64-musl set size:1421827 disposed:false
374 silly placeDep ROOT @rolldown/binding-android-arm-eabi@1.2.6 OK for: rolldown@1.2.6 want: 1.2.6
375 silly placeDep ROOT @rolldown/binding-android-arm64@1.2.6 OK for: rolldown@1.2.6 want: 1.2.6
376 silly placeDep ROOT @rolldown/binding-darwin-arm64@1.2.6 OK for: rolldown@1.2.6 want: 1.2.6
377 silly placeDep ROOT @rolldown/binding-darwin-x64@1.2.6 OK for: rolldown@1.2.6 want: 1.2.6
378 silly placeDep ROOT @rolldown/binding-freebsd-x64@1.2.6 OK for: rolldown@1.2.6 want: 1.2.6
379 silly placeDep ROOT @rolldown/binding-linux-arm-gnueabihf@1.2.6 OK for: rolldown@1.2.6 want: 1.2.6
380 silly placeDep ROOT @rolldown/binding-linux-arm64-gnu@1.2.6 OK for: rolldown@1.2.6 want: 1.2.6
381 silly placeDep ROOT @rolldown/binding-linux-arm64-musl@1.2.6 OK for: rolldown@1.2.6 want: 1.2.6
382 silly placeDep ROOT @rolldown/binding-linux-ppc64-gnu@1.2.6 OK for: rolldown@1.2.6 want: 1.2.6
383 silly placeDep ROOT @rolldown/binding-linux-s390x-gnu@1.2.6 OK for: rolldown@1.2.6 want: 1.2.6
384 silly placeDep ROOT @rolldown/binding-linux-x64-gnu@1.2.6 OK for: rolldown@1.2.6 want: 1.2.6
385 silly placeDep ROOT @rolldown/binding-linux-x64-musl@1.2.6 OK for: rolldown@1.2.6 want: 1.2.6
386 silly placeDep ROOT @rolldown/binding-openharmony-arm64@1.2.6 OK for: rolldown@1.2.6 want: 1.2.6
387 silly placeDep ROOT @rolldown/binding-win32-arm64-msvc@1.2.6 OK for: rolldown@1.2.6 want: 1.2.6
388 silly placeDep ROOT fsevents@2.3.3 OK for: vite@8.2.2 want: ~2.3.3
389 silly fetch manifest lightningcss-darwin-x64@1.33.0
390 silly packumentCache full:https://registry.npmjs.org/lightningcss-darwin-x64 cache-hit
391 silly fetch manifest lightningcss-linux-x64-gnu@1.33.0
392 silly packumentCache full:https://registry.npmjs.org/lightningcss-linux-x64-gnu cache-hit
393 silly fetch manifest lightningcss-win32-arm64-msvc@1.33.0
394 silly packumentCache full:https://registry.npmjs.org/lightningcss-win32-arm64-msvc cache-hit
395 silly fetch manifest lightningcss-darwin-arm64@1.33.0
396 silly packumentCache full:https://registry.npmjs.org/lightningcss-darwin-arm64 cache-hit
397 silly fetch manifest lightningcss-linux-arm64-gnu@1.33.0
398 silly packumentCache full:https://registry.npmjs.org/lightningcss-linux-arm64-gnu cache-hit
399 silly fetch manifest lightningcss-linux-arm-gnueabihf@1.33.0
400 silly packumentCache full:https://registry.npmjs.org/lightningcss-linux-arm-gnueabihf cache-hit
401 silly fetch manifest lightningcss-linux-arm64-musl@1.33.0
402 silly packumentCache full:https://registry.npmjs.org/lightningcss-linux-arm64-musl cache-hit
403 silly fetch manifest lightningcss-linux-x64-musl@1.33.0
404 silly packumentCache full:https://registry.npmjs.org/lightningcss-linux-x64-musl cache-hit
405 silly fetch manifest lightningcss-freebsd-x64@1.33.0
406 silly packumentCache full:https://registry.npmjs.org/lightningcss-freebsd-x64 cache-hit
407 silly fetch manifest lightningcss-android-arm64@1.33.0
408 silly packumentCache full:https://registry.npmjs.org/lightningcss-android-arm64 cache-hit
409 silly placeDep node_modules/vite lightningcss-android-arm64@1.33.0 OK for: lightningcss@1.33.0 want: 1.33.0
410 silly placeDep node_modules/vite lightningcss-darwin-arm64@1.33.0 OK for: lightningcss@1.33.0 want: 1.33.0
411 silly placeDep node_modules/vite lightningcss-darwin-x64@1.33.0 OK for: lightningcss@1.33.0 want: 1.33.0
412 silly placeDep node_modules/vite lightningcss-freebsd-x64@1.33.0 OK for: lightningcss@1.33.0 want: 1.33.0
413 silly placeDep node_modules/vite lightningcss-linux-arm-gnueabihf@1.33.0 OK for: lightningcss@1.33.0 want: 1.33.0
414 silly placeDep node_modules/vite lightningcss-linux-arm64-gnu@1.33.0 OK for: lightningcss@1.33.0 want: 1.33.0
415 silly placeDep node_modules/vite lightningcss-linux-arm64-musl@1.33.0 OK for: lightningcss@1.33.0 want: 1.33.0
416 silly placeDep node_modules/vite lightningcss-linux-x64-gnu@1.33.0 OK for: lightningcss@1.33.0 want: 1.33.0
417 silly placeDep node_modules/vite lightningcss-linux-x64-musl@1.33.0 OK for: lightningcss@1.33.0 want: 1.33.0
418 silly placeDep node_modules/vite lightningcss-win32-arm64-msvc@1.33.0 OK for: lightningcss@1.33.0 want: 1.33.0
419 silly reify mark retired [ 'C:\\Vanshdeep\\OJT sem 3\\RESUMETRICS\\node_modules\\react-dom' ]
420 silly reify mark retired [
420 silly reify   'C:\\Vanshdeep\\OJT sem 3\\RESUMETRICS\\node_modules\\jiti',
420 silly reify   'C:\\Vanshdeep\\OJT sem 3\\RESUMETRICS\\node_modules\\.bin\\jiti',
420 silly reify   'C:\\Vanshdeep\\OJT sem 3\\RESUMETRICS\\node_modules\\.bin\\jiti.cmd',
420 silly reify   'C:\\Vanshdeep\\OJT sem 3\\RESUMETRICS\\node_modules\\.bin\\jiti.ps1'
420 silly reify ]
421 silly reify mark retired [
421 silly reify   'C:\\Vanshdeep\\OJT sem 3\\RESUMETRICS\\node_modules\\nanoid',
421 silly reify   'C:\\Vanshdeep\\OJT sem 3\\RESUMETRICS\\node_modules\\.bin\\nanoid',
421 silly reify   'C:\\Vanshdeep\\OJT sem 3\\RESUMETRICS\\node_modules\\.bin\\nanoid.cmd',
421 silly reify   'C:\\Vanshdeep\\OJT sem 3\\RESUMETRICS\\node_modules\\.bin\\nanoid.ps1'
421 silly reify ]
422 silly reify mark retired [ 'C:\\Vanshdeep\\OJT sem 3\\RESUMETRICS\\node_modules\\react' ]
423 silly reify mark retired [
423 silly reify   'C:\\Vanshdeep\\OJT sem 3\\RESUMETRICS\\node_modules\\rolldown',
423 silly reify   'C:\\Vanshdeep\\OJT sem 3\\RESUMETRICS\\node_modules\\.bin\\rolldown',
423 silly reify   'C:\\Vanshdeep\\OJT sem 3\\RESUMETRICS\\node_modules\\.bin\\rolldown.cmd',
423 silly reify   'C:\\Vanshdeep\\OJT sem 3\\RESUMETRICS\\node_modules\\.bin\\rolldown.ps1'
423 silly reify ]
424 silly reify mark retired [
424 silly reify   'C:\\Vanshdeep\\OJT sem 3\\RESUMETRICS\\node_modules\\react-router-dom'
424 silly reify ]
425 silly reify mark retired [ 'C:\\Vanshdeep\\OJT sem 3\\RESUMETRICS\\node_modules\\tailwindcss' ]
426 silly reify mark retired [
426 silly reify   'C:\\Vanshdeep\\OJT sem 3\\RESUMETRICS\\node_modules\\vite',
426 silly reify   'C:\\Vanshdeep\\OJT sem 3\\RESUMETRICS\\node_modules\\.bin\\vite',
426 silly reify   'C:\\Vanshdeep\\OJT sem 3\\RESUMETRICS\\node_modules\\.bin\\vite.cmd',
426 silly reify   'C:\\Vanshdeep\\OJT sem 3\\RESUMETRICS\\node_modules\\.bin\\vite.ps1'
426 silly reify ]
427 silly reify mark retired [
427 silly reify   'C:\\Vanshdeep\\OJT sem 3\\RESUMETRICS\\node_modules\\@tailwindcss\\vite'
427 silly reify ]
428 silly reify mark retired [
428 silly reify   'C:\\Vanshdeep\\OJT sem 3\\RESUMETRICS\\node_modules\\@vitejs\\plugin-react'
428 silly reify ]
429 silly reify moves {
429 silly reify   'C:\\Vanshdeep\\OJT sem 3\\RESUMETRICS\\node_modules\\react-dom': 'C:\\Vanshdeep\\OJT sem 3\\RESUMETRICS\\node_modules\\.react-dom-JM76jcMq',
429 silly reify   'C:\\Vanshdeep\\OJT sem 3\\RESUMETRICS\\node_modules\\jiti': 'C:\\Vanshdeep\\OJT sem 3\\RESUMETRICS\\node_modules\\.jiti-GZRbt9Qu',
429 silly reify   'C:\\Vanshdeep\\OJT sem 3\\RESUMETRICS\\node_modules\\.bin\\jiti': 'C:\\Vanshdeep\\OJT sem 3\\RESUMETRICS\\node_modules\\.bin\\.jiti-3wIe1SBN',
429 silly reify   'C:\\Vanshdeep\\OJT sem 3\\RESUMETRICS\\node_modules\\.bin\\jiti.cmd': 'C:\\Vanshdeep\\OJT sem 3\\RESUMETRICS\\node_modules\\.bin\\.jiti.cmd-T1NfSYiq',
429 silly reify   'C:\\Vanshdeep\\OJT sem 3\\RESUMETRICS\\node_modules\\.bin\\jiti.ps1': 'C:\\Vanshdeep\\OJT sem 3\\RESUMETRICS\\node_modules\\.bin\\.jiti.ps1-Vfu7ukx1',
429 silly reify   'C:\\Vanshdeep\\OJT sem 3\\RESUMETRICS\\node_modules\\nanoid': 'C:\\Vanshdeep\\OJT sem 3\\RESUMETRICS\\node_modules\\.nanoid-mdyoEA4H',
429 silly reify   'C:\\Vanshdeep\\OJT sem 3\\RESUMETRICS\\node_modules\\.bin\\nanoid': 'C:\\Vanshdeep\\OJT sem 3\\RESUMETRICS\\node_modules\\.bin\\.nanoid-e7xaoLjA',
429 silly reify   'C:\\Vanshdeep\\OJT sem 3\\RESUMETRICS\\node_modules\\.bin\\nanoid.cmd': 'C:\\Vanshdeep\\OJT sem 3\\RESUMETRICS\\node_modules\\.bin\\.nanoid.cmd-J1zrGYQu',
429 silly reify   'C:\\Vanshdeep\\OJT sem 3\\RESUMETRICS\\node_modules\\.bin\\nanoid.ps1': 'C:\\Vanshdeep\\OJT sem 3\\RESUMETRICS\\node_modules\\.bin\\.nanoid.ps1-0uOCgAyf',
429 silly reify   'C:\\Vanshdeep\\OJT sem 3\\RESUMETRICS\\node_modules\\react': 'C:\\Vanshdeep\\OJT sem 3\\RESUMETRICS\\node_modules\\.react-oX1suMa1',
429 silly reify   'C:\\Vanshdeep\\OJT sem 3\\RESUMETRICS\\node_modules\\rolldown': 'C:\\Vanshdeep\\OJT sem 3\\RESUMETRICS\\node_modules\\.rolldown-ALiha1og',
429 silly reify   'C:\\Vanshdeep\\OJT sem 3\\RESUMETRICS\\node_modules\\.bin\\rolldown': 'C:\\Vanshdeep\\OJT sem 3\\RESUMETRICS\\node_modules\\.bin\\.rolldown-Cyj3JbL3',
429 silly reify   'C:\\Vanshdeep\\OJT sem 3\\RESUMETRICS\\node_modules\\.bin\\rolldown.cmd': 'C:\\Vanshdeep\\OJT sem 3\\RESUMETRICS\\node_modules\\.bin\\.rolldown.cmd-S48faPOx',
429 silly reify   'C:\\Vanshdeep\\OJT sem 3\\RESUMETRICS\\node_modules\\.bin\\rolldown.ps1': 'C:\\Vanshdeep\\OJT sem 3\\RESUMETRICS\\node_modules\\.bin\\.rolldown.ps1-OA51Eg8O',
429 silly reify   'C:\\Vanshdeep\\OJT sem 3\\RESUMETRICS\\node_modules\\react-router-dom': 'C:\\Vanshdeep\\OJT sem 3\\RESUMETRICS\\node_modules\\.react-router-dom-dpCBgjF9',
429 silly reify   'C:\\Vanshdeep\\OJT sem 3\\RESUMETRICS\\node_modules\\tailwindcss': 'C:\\Vanshdeep\\OJT sem 3\\RESUMETRICS\\node_modules\\.tailwindcss-GSunl5yZ',
429 silly reify   'C:\\Vanshdeep\\OJT sem 3\\RESUMETRICS\\node_modules\\vite': 'C:\\Vanshdeep\\OJT sem 3\\RESUMETRICS\\node_modules\\.vite-sHAcZCcy',
429 silly reify   'C:\\Vanshdeep\\OJT sem 3\\RESUMETRICS\\node_modules\\.bin\\vite': 'C:\\Vanshdeep\\OJT sem 3\\RESUMETRICS\\node_modules\\.bin\\.vite-wsD5vJ7N',
429 silly reify   'C:\\Vanshdeep\\OJT sem 3\\RESUMETRICS\\node_modules\\.bin\\vite.cmd': 'C:\\Vanshdeep\\OJT sem 3\\RESUMETRICS\\node_modules\\.bin\\.vite.cmd-myLEpKJY',
429 silly reify   'C:\\Vanshdeep\\OJT sem 3\\RESUMETRICS\\node_modules\\.bin\\vite.ps1': 'C:\\Vanshdeep\\OJT sem 3\\RESUMETRICS\\node_modules\\.bin\\.vite.ps1-kSghZtys',
429 silly reify   'C:\\Vanshdeep\\OJT sem 3\\RESUMETRICS\\node_modules\\@tailwindcss\\vite': 'C:\\Vanshdeep\\OJT sem 3\\RESUMETRICS\\node_modules\\@tailwindcss\\.vite-f2EnXxjJ',
429 silly reify   'C:\\Vanshdeep\\OJT sem 3\\RESUMETRICS\\node_modules\\@vitejs\\plugin-react': 'C:\\Vanshdeep\\OJT sem 3\\RESUMETRICS\\node_modules\\@vitejs\\.plugin-react-b3xYONaU'
429 silly reify }
430 http cache @vitejs/plugin-react@https://registry.npmjs.org/@vitejs/plugin-react/-/plugin-react-6.1.1.tgz 0ms (cache hit)
431 http cache vite@https://registry.npmjs.org/vite/-/vite-8.2.2.tgz 0ms (cache hit)
432 http cache @tailwindcss/vite@https://registry.npmjs.org/@tailwindcss/vite/-/vite-4.3.3.tgz 0ms (cache hit)
433 http cache tailwindcss@https://registry.npmjs.org/tailwindcss/-/tailwindcss-4.3.3.tgz 0ms (cache hit)
434 http cache react@https://registry.npmjs.org/react/-/react-19.2.8.tgz 0ms (cache hit)
435 http cache react-router-dom@https://registry.npmjs.org/react-router-dom/-/react-router-dom-7.18.3.tgz 0ms (cache hit)
436 silly packumentCache corgi:https://registry.npmjs.org/nanoid cache-miss
437 silly packumentCache corgi:https://registry.npmjs.org/jiti cache-miss
438 silly packumentCache corgi:https://registry.npmjs.org/rolldown cache-miss
439 http cache react-dom@https://registry.npmjs.org/react-dom/-/react-dom-19.2.8.tgz 0ms (cache hit)
440 silly tarball no local data for react-dom@https://registry.npmjs.org/react-dom/-/react-dom-19.2.8.tgz. Extracting by manifest.
441 http fetch GET 200 https://registry.npmjs.org/jiti 6695ms (cache miss)
442 silly packumentCache corgi:https://registry.npmjs.org/jiti set size:undefined disposed:false
443 http cache https://registry.npmjs.org/jiti/-/jiti-2.7.0.tgz 13ms (cache hit)
444 http fetch GET 200 https://registry.npmjs.org/nanoid 8882ms (cache miss)
445 silly packumentCache corgi:https://registry.npmjs.org/nanoid set size:undefined disposed:false
446 http cache https://registry.npmjs.org/nanoid/-/nanoid-3.3.18.tgz 9ms (cache hit)
447 http fetch GET 200 https://registry.npmjs.org/rolldown 23631ms (cache miss)
448 silly packumentCache corgi:https://registry.npmjs.org/rolldown set size:undefined disposed:false
449 http cache https://registry.npmjs.org/rolldown/-/rolldown-1.2.6.tgz 12ms (cache hit)
450 http fetch GET 200 https://registry.npmjs.org/react-dom/-/react-dom-19.2.8.tgz 32630ms (cache miss)
451 silly CHANGE node_modules/@vitejs/plugin-react
452 silly CHANGE node_modules/@tailwindcss/vite
453 silly CHANGE node_modules/vite
454 silly CHANGE node_modules/tailwindcss
455 silly CHANGE node_modules/react-router-dom
456 silly CHANGE node_modules/rolldown
457 silly CHANGE node_modules/react
458 silly CHANGE node_modules/nanoid
459 silly CHANGE node_modules/jiti
460 silly CHANGE node_modules/react-dom
461 verbose cwd C:\Vanshdeep\OJT sem 3\RESUMETRICS
462 verbose os Windows_NT 10.0.26200
463 verbose node v24.11.1
464 verbose npm  v11.6.2
465 verbose exit 0
466 info ok
